[    0.000000] Booting Linux on physical CPU 0x0
[    0.000000] Initializing cgroup subsys cpuset
[    0.000000] Initializing cgroup subsys cpu
[    0.000000] Initializing cgroup subsys cpuacct
[    0.000000] Initializing cgroup subsys schedtune
[    0.000000] Linux version 4.4.126 (pengenhou@SZ-OFFICE-192-168-8-81) (gcc version 6.3.1 20170404 (Linaro GCC 6.3-2017.05) ) #2 SMP PREEMPT Wed May 27 19:39:02 CST 2020
[    0.000000] Boot CPU: AArch64 Processor [410fd034]
[    0.000000] earlycon: Early serial console at MMIO32 0xff1a0000 (options '')
[    0.000000] bootconsole [uart0] enabled
[    0.000000] Reserved memory: failed to reserve memory for node 'stb-devinfo@00000000': base 0x0000000000000000, size 0 MiB
[    0.000000] cma: Reserved 16 MiB at 0x000000007f000000
[    0.000000] On node 0 totalpages: 516096
[    0.000000]   DMA zone: 8184 pages used for memmap
[    0.000000]   DMA zone: 0 pages reserved
[    0.000000]   DMA zone: 516096 pages, LIFO batch:31
[    0.000000] psci: probing for conduit method from DT.
[    0.000000] psci: PSCIv1.0 detected in firmware.
[    0.000000] psci: Using standard PSCI v0.2 function IDs
[    0.000000] psci: Trusted OS migration not required
[    0.000000] PERCPU: Embedded 21 pages/cpu @ffffffc07eefa000 s45528 r8192 d32296 u86016
[    0.000000] pcpu-alloc: s45528 r8192 d32296 u86016 alloc=21*4096
[    0.000000] pcpu-alloc: [0] 0 [0] 1 [0] 2 [0] 3 [0] 4 [0] 5 
[    0.000000] Detected VIPT I-cache on CPU0
[    0.000000] CPU features: enabling workaround for ARM erratum 845719
[    0.000000] Built 1 zonelists in Zone order, mobility grouping on.  Total pages: 507912
[    0.000000] Kernel command line: earlycon=uart8250,mmio32,0xff1a0000 swiotlb=1 coherent_pool=1m console=ttyFIQ0 androidboot.baseband=N/A androidboot.selinux=permissive androidboot.hardware=rk30board androidboot.console=ttyFIQ0 init=/init mtdparts=rk29xxnand:0x00002000@0x00002000(uboot),0x00002000@0x00004000(trust),0x00002000@0x00006000(uboot_ro),0x00002000@0x00008000(trust_ro),0x00002000@0x0000A000(misc),0x00008000@0x0000C000(resource),0x0000C000@0x00014000(kernel),0x00010000@0x00020000(boot),0x00010000@0x00030000(recovery),0x00008000@0x00040000(backup),0x00040000@0x00048000(cache),0x00300000@0x00088000(system),0x00008000@0x00388000(metadata),0x00000040@0x00390000(verity_mode),0x00002000@0x00390040(baseparameter),0x00000400@0x00392040(frp),-@0x00392440(userdata) storagemedia=emmc androidboot.oem_unlocked=0 uboot_logo=0x02000000@0x7dc00000 loader.timestamp=2020-05-27_19:36:18 SecureBootCheckOk=0
[    0.000000] PID hash table entries: 4096 (order: 3, 32768 bytes)
[    0.000000] Dentry cache hash table entries: 262144 (order: 9, 2097152 bytes)
[    0.000000] Inode-cache hash table entries: 131072 (order: 8, 1048576 bytes)
[    0.000000] software IO TLB [mem 0x7eeb2000-0x7eef2000] (0MB) mapped at [ffffffc07eeb2000-ffffffc07eef1fff]
[    0.000000] Memory: 1985108K/2064384K available (11326K kernel code, 1880K rwdata, 5420K rodata, 832K init, 1121K bss, 62892K reserved, 16384K cma-reserved)
[    0.000000] Virtual kernel memory layout:
[    0.000000]     modules : 0xffffff8000000000 - 0xffffff8008000000   (   128 MB)
[    0.000000]     vmalloc : 0xffffff8008000000 - 0xffffffbdbfff0000   (   246 GB)
[    0.000000]       .init : 0xffffff80090e0000 - 0xffffff80091b0000   (   832 KB)
[    0.000000]       .text : 0xffffff8008080000 - 0xffffff8008b90000   ( 11328 KB)
[    0.000000]     .rodata : 0xffffff8008b90000 - 0xffffff80090e0000   (  5440 KB)
[    0.000000]       .data : 0xffffff80091b0000 - 0xffffff8009386008   (  1881 KB)
[    0.000000]     vmemmap : 0xffffffbdc0000000 - 0xffffffbfc0000000   (     8 GB maximum)
[    0.000000]               0xffffffbdc0008000 - 0xffffffbdc2000000   (    31 MB actual)
[    0.000000]     fixed   : 0xffffffbffe7fb000 - 0xffffffbffec00000   (  4116 KB)
[    0.000000]     PCI I/O : 0xffffffbffee00000 - 0xffffffbfffe00000   (    16 MB)
[    0.000000]     memory  : 0xffffffc000200000 - 0xffffffc080000000   (  2046 MB)
[    0.000000] SLUB: HWalign=64, Order=0-3, MinObjects=0, CPUs=6, Nodes=1
[    0.000000] Preemptible hierarchical RCU implementation.
[    0.000000] 	Build-time adjustment of leaf fanout to 64.
[    0.000000] 	RCU restricting CPUs from NR_CPUS=8 to nr_cpu_ids=6.
[    0.000000] RCU: Adjusting geometry for rcu_fanout_leaf=64, nr_cpu_ids=6
[    0.000000] NR_IRQS:64 nr_irqs:64 0
[    0.000000] GIC: Using split EOI/Deactivate mode
[    0.000000] ITS: /interrupt-controller@fee00000/interrupt-controller@fee20000
[    0.000000] ITS: allocated 65536 Devices @a200000 (psz 64K, shr 0)
[    0.000000] ITS: using cache flushing for cmd queue
[    0.000000] GIC: using LPI property table @0x000000000a280000
[    0.000000] ITS: Allocated 1792 chunks for LPIs
[    0.000000] CPU0: found redistributor 0 region 0:0x00000000fef00000
[    0.000000] CPU0: using LPI pending table @0x000000000a290000
[    0.000000] GIC: using cache flushing for LPI property table
[    0.000000] GIC: PPI partition interrupt-partition-0[0] { /cpus/cpu@0[0] /cpus/cpu@1[1] /cpus/cpu@2[2] /cpus/cpu@3[3] }
[    0.000000] GIC: PPI partition interrupt-partition-1[1] { /cpus/cpu@100[4] /cpus/cpu@101[5] }
[    0.000000] rockchip_mmc_get_phase: invalid clk rate
[    0.000000] rockchip_mmc_get_phase: invalid clk rate
[    0.000000] rockchip_mmc_get_phase: invalid clk rate
[    0.000000] rockchip_mmc_get_phase: invalid clk rate
[    0.000000] rockchip_clk_register_frac_branch: could not find dclk_vop0_frac as parent of dclk_vop0, rate changes may not work
[    0.000000] rockchip_clk_register_frac_branch: could not find dclk_vop1_frac as parent of dclk_vop1, rate changes may not work
[    0.000000] rockchip_cpuclk_pre_rate_change: limiting alt-divider 33 to 31
[    0.000000] Architected cp15 timer(s) running at 24.00MHz (phys).
[    0.000000] clocksource: arch_sys_counter: mask: 0xffffffffffffff max_cycles: 0x588fe9dc0, max_idle_ns: 440795202592 ns
[    0.000006] sched_clock: 56 bits at 24MHz, resolution 41ns, wraps every 4398046511097ns
[    0.009939] Calibrating delay loop (skipped), value calculated using timer frequency.. 48.00 BogoMIPS (lpj=80000)
[    0.021215] pid_max: default: 32768 minimum: 301
[    0.026342] Security Framework initialized
[    0.030843] SELinux:  Initializing.
[    0.034731] SELinux:  Starting in permissive mode
[    0.034777] Mount-cache hash table entries: 4096 (order: 3, 32768 bytes)
[    0.042138] Mountpoint-cache hash table entries: 4096 (order: 3, 32768 bytes)
[    0.050753] Initializing cgroup subsys memory
[    0.055565] Initializing cgroup subsys freezer
[    0.061350] sched-energy: Sched-energy-costs installed from DT
[    0.067770] CPU0: update cpu_capacity 401
[    0.072225] ASID allocator initialised with 32768 entries
[    0.095028] PCI/MSI: /interrupt-controller@fee00000/interrupt-controller@fee20000 domain created
[    0.105151] Platform MSI: /interrupt-controller@fee00000/interrupt-controller@fee20000 domain created
[    0.128833] Detected VIPT I-cache on CPU1
[    0.128864] CPU1: found redistributor 1 region 0:0x00000000fef20000
[    0.128899] CPU1: using LPI pending table @0x000000000a3f0000
[    0.128943] CPU1: update cpu_capacity 401
[    0.128946] CPU1: Booted secondary processor [410fd034]
[    0.138811] Detected VIPT I-cache on CPU2
[    0.138829] CPU2: found redistributor 2 region 0:0x00000000fef40000
[    0.138862] CPU2: using LPI pending table @0x000000007bc20000
[    0.138889] CPU2: update cpu_capacity 401
[    0.138891] CPU2: Booted secondary processor [410fd034]
[    0.148843] Detected VIPT I-cache on CPU3
[    0.148861] CPU3: found redistributor 3 region 0:0x00000000fef60000
[    0.148893] CPU3: using LPI pending table @0x000000007bc60000
[    0.148918] CPU3: update cpu_capacity 401
[    0.148922] CPU3: Booted secondary processor [410fd034]
[    0.158890] Detected PIPT I-cache on CPU4
[    0.158917] CPU4: found redistributor 100 region 0:0x00000000fef80000
[    0.158957] CPU4: using LPI pending table @0x000000007bcb0000
[    0.158997] CPU4: update cpu_capacity 1024
[    0.159000] CPU4: Booted secondary processor [410fd082]
[    0.168914] Detected PIPT I-cache on CPU5
[    0.168932] CPU5: found redistributor 101 region 0:0x00000000fefa0000
[    0.168968] CPU5: using LPI pending table @0x000000007bce0000
[    0.168994] CPU5: update cpu_capacity 1024
[    0.168997] CPU5: Booted secondary processor [410fd082]
[    0.169082] Brought up 6 CPUs
[    0.311437] SMP: Total of 6 processors activated.
[    0.316602] CPU features: detected feature: GIC system register CPU interface
[    0.324441] CPU: All CPU(s) started at EL2
[    0.328976] alternatives: patching kernel code
[    0.337721] devtmpfs: initialized
[    0.355879] clocksource: jiffies: mask: 0xffffffff max_cycles: 0xffffffff, max_idle_ns: 6370867519511994 ns
[    0.366602] futex hash table entries: 2048 (order: 5, 131072 bytes)
[    0.374231] pinctrl core: initialized pinctrl subsystem
[    0.381497] Failed to find legacy iommu devices
[    0.386856] NET: Registered protocol family 16
[    0.392162] schedtune: init normalization constants...
[    0.397807] schedtune: CLUSTER[0-3]      min_pwr:    56 max_pwr:   222
[    0.404973] schedtune: CPU[0]            min_pwr:     0 max_pwr:   222
[    0.412137] schedtune: CPU[1]            min_pwr:     0 max_pwr:   222
[    0.419301] schedtune: CPU[2]            min_pwr:     0 max_pwr:   222
[    0.426464] schedtune: CPU[3]            min_pwr:     0 max_pwr:   222
[    0.433629] schedtune: CLUSTER[4-5]      min_pwr:    65 max_pwr:  1108
[    0.440792] schedtune: CPU[4]            min_pwr:     0 max_pwr:  1108
[    0.447956] schedtune: CPU[5]            min_pwr:     0 max_pwr:  1108
[    0.455117] schedtune: SYSTEM            min_pwr:   121 max_pwr:  4434
[    0.462280] schedtune: using normalization constants mul: 3862781856 sh1: 1 sh2: 12
[    0.470681] schedtune: verify normalization constants...
[    0.476509] schedtune: max_pwr/2^0: 4313 => norm_pwr:  1024
[    0.482630] schedtune: max_pwr/2^1: 2156 => norm_pwr:   511
[    0.488745] schedtune: max_pwr/2^2: 1078 => norm_pwr:   255
[    0.494858] schedtune: max_pwr/2^3:  539 => norm_pwr:   127
[    0.500973] schedtune: max_pwr/2^4:  269 => norm_pwr:    63
[    0.507085] schedtune: max_pwr/2^5:  134 => norm_pwr:    31
[    0.513199] schedtune: configured to support 5 boost groups
[    0.532676] cpuidle: using governor ladder
[    0.550537] cpuidle: using governor menu
[    0.554871] Registered FIQ tty driver
[    0.559266] vdso: 2 pages (1 code @ ffffff8008b96000, 1 data @ ffffff80091b4000)
[    0.567410] hw-breakpoint: found 6 breakpoint and 4 watchpoint registers.
[    0.575881] DMA: preallocated 1024 KiB pool for atomic allocations
[    0.596447] gpiochip_add_data: registered GPIOs 0 to 31 on device: gpio0
[    0.596515] gpiochip_add_data: registered GPIOs 32 to 63 on device: gpio1
[    0.596583] gpiochip_add_data: registered GPIOs 64 to 95 on device: gpio2
[    0.596646] gpiochip_add_data: registered GPIOs 96 to 127 on device: gpio3
[    0.596713] gpiochip_add_data: registered GPIOs 128 to 159 on device: gpio4
[    0.601587] of_get_named_gpiod_flags: parsed 'init-gpios' property of node '/pinctrl[0]' - status (0)
[    0.601595] of_get_gpio_init_config:gpio[0] = 41, value = 1
[    0.607741] of_get_named_gpiod_flags: parsed 'init-gpios' property of node '/pinctrl[1]' - status (0)
[    0.607747] of_get_gpio_init_config:gpio[1] = 52, value = 1
[    0.613901] of_get_named_gpiod_flags: parsed 'init-gpios' property of node '/pinctrl[2]' - status (0)
[    0.613907] of_get_gpio_init_config:gpio[2] = 55, value = 1
[    0.620071] of_get_named_gpiod_flags: parsed 'init-gpios' property of node '/pinctrl[3]' - status (0)
[    0.620077] of_get_gpio_init_config:gpio[3] = 155, value = 0
[    0.628825] console [pstore-1] enabled
[    0.633133] pstore: Registered ramoops as persistent store backend
[    0.639927] ramoops: attached 0xf0000@0x110000, ecc: 0/0
[    0.680912] of_get_named_gpiod_flags: parsed 'rockchip,power-ctrl' property of node '/rockchip-suspend[0]' - status (0)
[    0.680958] of_get_named_gpiod_flags: parsed 'rockchip,power-ctrl' property of node '/rockchip-suspend[1]' - status (0)
[    0.681196] of_get_named_gpiod_flags: can't parse 'gpio' property of node '/vcc3v3-sys[0]'
[    0.681519] of_get_named_gpiod_flags: parsed 'gpio' property of node '/vcc5v0-host-regulator[0]' - status (0)
[    0.681795] of_get_named_gpiod_flags: can't parse 'gpio' property of node '/vcc5v0-sys[0]'
[    0.681999] of_get_named_gpiod_flags: can't parse 'gpio' property of node '/vcc-phy-regulator[0]'
[    0.682427] iommu: Adding device ff650000.vpu_service to group 0
[    0.689092] iommu: Adding device ff660000.rkvdec to group 1
[    0.695269] iommu: Adding device ff670000.iep to group 2
[    0.701186] iommu: Adding device ff8f0000.vop to group 3
[    0.707087] iommu: Adding device ff900000.vop to group 4
[    0.713034] iommu: Adding device ff910000.isp to group 5
[    0.718932] iommu: Adding device ff920000.isp to group 6
[    0.725420] rk_iommu ff670800.iommu: can't get aclk
[    0.730785] rk_iommu ff670800.iommu: can't get hclk
[    0.737024] SCSI subsystem initialized
[    0.741313] usbcore: registered new interface driver usbfs
[    0.747372] usbcore: registered new interface driver hub
[    0.753283] usbcore: registered new device driver usb
[    0.759190] media: Linux media interface: v0.10
[    0.764196] Linux video capture interface: v2.00
[    0.769418] pps_core: LinuxPPS API ver. 1 registered
[    0.774872] pps_core: Software ver. 5.3.6 - Copyright 2005-2007 Rodolfo Giometti <giometti@linux.it>
[    0.784917] PTP clock support registered
[    0.790806] Advanced Linux Sound Architecture Driver Initialized.
[    0.797976] Bluetooth: Core ver 2.21
[    0.801928] NET: Registered protocol family 31
[    0.806814] Bluetooth: HCI device and connection manager initialized
[    0.813794] Bluetooth: HCI socket layer initialized
[    0.819153] Bluetooth: L2CAP socket layer initialized
[    0.824718] Bluetooth: SCO socket layer initialized
[    0.830855] rockchip-cpuinfo cpuinfo: Serial		: a49bb7db3e787c60
[    0.837974] clocksource: Switched to clocksource arch_sys_counter
[    0.888240] thermal thermal_zone1: power_allocator: sustainable_power will be estimated
[    0.897262] NET: Registered protocol family 2
[    0.902479] TCP established hash table entries: 16384 (order: 5, 131072 bytes)
[    0.910547] TCP bind hash table entries: 16384 (order: 6, 262144 bytes)
[    0.918085] TCP: Hash tables configured (established 16384 bind 16384)
[    0.925325] UDP hash table entries: 1024 (order: 3, 32768 bytes)
[    0.931972] UDP-Lite hash table entries: 1024 (order: 3, 32768 bytes)
[    0.939231] NET: Registered protocol family 1
[    0.944189] PCI: CLS 0 bytes, default 64
[    0.944399] Trying to unpack rootfs image as initramfs...
[    1.048022] Freeing initrd memory: 1948K
[    1.052923] hw perfevents: enabled with armv8_cortex_a53 PMU driver, 7 counters available
[    1.061991] hw perfevents: enabled with armv8_cortex_a72 PMU driver, 7 counters available
[    1.073883] audit: initializing netlink subsys (disabled)
[    1.079875] audit: type=2000 audit(0.953:1): initialized
[    1.090914] VFS: Disk quotas dquot_6.6.0
[    1.095349] VFS: Dquot-cache hash table entries: 512 (order 0, 4096 bytes)
[    1.103931] Registering sdcardfs 0.1
[    1.108436] fuse init (API version 7.23)
[    1.113428] SELinux:  Registering netfilter hooks
[    1.113869] 
[    1.113869] TEE Core Framework initialization (ver 1:0.1)
[    1.121446] TEE armv7 Driver initialization
[    1.126433] tz_tee_probe: name="armv7sec", id=0, pdev_name="armv7sec.0"
[    1.133707] TEE core: Alloc the misc device "opteearmtz00" (id=0)
[    1.140564] TEE Core: Register the misc device "opteearmtz00" (id=0,minor=62)
[    1.152324] Block layer SCSI generic (bsg) driver version 0.4 loaded (major 245)
[    1.160470] io scheduler noop registered
[    1.165002] io scheduler cfq registered (default)
[    1.171409] phy phy-ff770000.syscon:usb2-phy@e450.0: Failed to get VBUS supply regulator
[    1.181513] phy phy-ff770000.syscon:usb2-phy@e460.2: Failed to get VBUS supply regulator
[    1.194485] rockchip-pcie f8000000.pcie: GPIO lookup for consumer ep
[    1.194501] rockchip-pcie f8000000.pcie: using device tree for GPIO lookup
[    1.194530] of_get_named_gpiod_flags: parsed 'ep-gpios' property of node '/pcie@f8000000[0]' - status (0)
[    1.194783] rockchip-pcie f8000000.pcie: no vpcie3v3 regulator found
[    1.201785] rockchip-pcie f8000000.pcie: no vpcie1v8 regulator found
[    1.208773] rockchip-pcie f8000000.pcie: no vpcie0v9 regulator found
[    2.217992] pll lock timeout!
[    2.221266] phy phy-pcie-phy.7: phy poweron failed --> -22
[    2.227302] rockchip-pcie f8000000.pcie: fail to power on phy, err -22
[    2.234584] rockchip-pcie: probe of f8000000.pcie failed with error -22
[    2.242453] pwm-backlight backlight: GPIO lookup for consumer enable
[    2.242466] pwm-backlight backlight: using device tree for GPIO lookup
[    2.242479] of_get_named_gpiod_flags: can't parse 'enable-gpios' property of node '/backlight[0]'
[    2.242491] of_get_named_gpiod_flags: can't parse 'enable-gpio' property of node '/backlight[0]'
[    2.242502] pwm-backlight backlight: using lookup tables for GPIO lookup
[    2.242513] pwm-backlight backlight: lookup for GPIO enable failed
[    2.242538] backlight supply power not found, using dummy regulator
[    2.250036] iep: failed to find iep power down clock source.
[    2.256828] IEP Power ON
[    2.259828] IEP Power OFF
[    2.262813] IEP Driver loaded succesfully
[    2.267469] Module initialized.
[    2.271325] rk-vcodec ff650000.vpu_service: no regulator for vcodec
[    2.278489] rk-vcodec ff650000.vpu_service: probe device
[    2.284524] rk-vcodec ff650000.vpu_service: drm allocator with mmu enabled
[    2.292642] rk-vcodec ff650000.vpu_service: could not find power_model node
[    2.300338] rk-vcodec ff650000.vpu_service: init success
[    2.306364] rk-vcodec ff660000.rkvdec: no regulator for vcodec
[    2.313154] rk-vcodec ff660000.rkvdec: probe device
[    2.318682] rk-vcodec ff660000.rkvdec: drm allocator with mmu enabled
[    2.326134] rk-vcodec ff660000.rkvdec: could not find power_model node
[    2.333313] rk-vcodec ff660000.rkvdec: init success
[    2.340323] dma-pl330 ff6d0000.dma-controller: Loaded driver for PL330 DMAC-241330
[    2.348652] dma-pl330 ff6d0000.dma-controller: 	DBUFF-32x8bytes Num_Chans-6 Num_Peri-12 Num_Events-12
[    2.360138] dma-pl330 ff6e0000.dma-controller: Loaded driver for PL330 DMAC-241330
[    2.368463] dma-pl330 ff6e0000.dma-controller: 	DBUFF-128x8bytes Num_Chans-8 Num_Peri-20 Num_Events-16
[    2.379792] pwm-regulator vdd-log: GPIO lookup for consumer enable
[    2.379803] pwm-regulator vdd-log: using device tree for GPIO lookup
[    2.379814] of_get_named_gpiod_flags: can't parse 'enable-gpios' property of node '/vdd-log[0]'
[    2.379824] of_get_named_gpiod_flags: can't parse 'enable-gpio' property of node '/vdd-log[0]'
[    2.379833] pwm-regulator vdd-log: using lookup tables for GPIO lookup
[    2.379843] pwm-regulator vdd-log: lookup for GPIO enable failed
[    2.380464] Serial: 8250/16550 driver, 6 ports, IRQ sharing disabled
[    2.388010] ff180000.serial: ttyS0 at MMIO 0xff180000 (irq = 36, base_baud = 1500000) is a 16550A
[    2.398212] ff1a0000.serial: ttyS2 at MMIO 0xff1a0000 (irq = 37, base_baud = 1500000) is a 16550A
[    2.408391] ff370000.serial: ttyS4 at MMIO 0xff370000 (irq = 39, base_baud = 1500000) is a 16550A
[    2.408843] [drm] Initialized drm 1.1.0 20060810
[    2.412632] [drm] Rockchip DRM driver version: v1.0.0
[    2.412991] rockchip-drm display-subsystem: dmc is disabled
[    2.413311] rockchip-vop ff900000.vop: missing rockchip,grf property
[    2.413611] rockchip-vop ff900000.vop: unable to request PWM
[    2.413685] rockchip-drm display-subsystem: bound ff900000.vop (ops vop_component_ops)
[    2.413796] rockchip-vop ff8f0000.vop: missing rockchip,grf property
[    2.414021] rockchip-vop ff8f0000.vop: unable to request PWM
[    2.414086] rockchip-drm display-subsystem: bound ff8f0000.vop (ops vop_component_ops)
[    2.414175] rockchip-drm display-subsystem: failed to bind ff960000.dsi (ops dw_mipi_dsi_ops): -517
[    2.414502] rockchip-drm display-subsystem: master bind failed: -517
[    2.416307] ff960000.dsi.0 supply power not found, using dummy regulator
[    2.416442] panel-simple-dsi ff960000.dsi.0: GPIO lookup for consumer enable
[    2.416452] panel-simple-dsi ff960000.dsi.0: using device tree for GPIO lookup
[    2.416492] of_get_named_gpiod_flags: parsed 'enable-gpios' property of node '/dsi@ff960000/panel[0]' - status (0)
[    2.416513] no flags found for enable
[    2.416523] panel-simple-dsi ff960000.dsi.0: GPIO lookup for consumer vccio-enable
[    2.416532] panel-simple-dsi ff960000.dsi.0: using device tree for GPIO lookup
[    2.416555] of_get_named_gpiod_flags: parsed 'vccio-enable-gpios' property of node '/dsi@ff960000/panel[0]' - status (0)
[    2.416568] no flags found for vccio-enable
[    2.416578] panel-simple-dsi ff960000.dsi.0: GPIO lookup for consumer reset
[    2.416586] panel-simple-dsi ff960000.dsi.0: using device tree for GPIO lookup
[    2.416609] of_get_named_gpiod_flags: parsed 'reset-gpios' property of node '/dsi@ff960000/panel[0]' - status (0)
[    2.416623] no flags found for reset
[    2.417144] mali ff9a0000.gpu: Failed to get regulator
[    2.417199] mali ff9a0000.gpu: Power control initialization failed
[    2.417565] Unable to detect cache hierarchy for CPU 0
[    2.425394] brd: module loaded
[    2.433437] loop: module loaded
[    2.433976] zram: Added device: zram0
[    2.434898] SCSI Media Changer driver v0.25 
[    2.435574] tun: Universal TUN/TAP device driver, 1.6
[    2.435627] tun: (C) 1999-2004 Max Krasnyansky <maxk@qualcomm.com>
[    2.436711] rk_gmac-dwmac fe300000.ethernet: clock input or output? (input).
[    2.436787] rk_gmac-dwmac fe300000.ethernet: TX delay(0x2d).
[    2.436847] rk_gmac-dwmac fe300000.ethernet: RX delay(0x24).
[    2.436921] rk_gmac-dwmac fe300000.ethernet: integrated PHY? (no).
[    2.437136] rk_gmac-dwmac fe300000.ethernet: cannot get clock clk_mac_speed
[    2.437205] rk_gmac-dwmac fe300000.ethernet: clock input from PHY
[    2.442273] rk_gmac-dwmac fe300000.ethernet: init for RGMII
[    2.442438] stmmac - user ID: 0x10, Synopsys ID: 0x35
[    2.442489]  Ring mode enabled
[    2.442523]  DMA HW capability register supported
[    2.442569]  Normal descriptors
[    2.442609]  RX Checksum Offload Engine supported (type 2)
[    2.442663]  TX Checksum insertion supported
[    2.442706]  Wake-Up On Lan supported
[    2.442782]  Enable RX Mitigation via HW Watchdog Timer
[    2.442920] of_get_named_gpiod_flags: parsed 'snps,reset-gpio' property of node '/ethernet@fe300000[0]' - status (0)
[    2.510841] libphy: stmmac: probed
[    2.510883] eth%d: PHY ID 001cc915 at 0 IRQ POLL (stmmac-0:00) active
[    2.510948] eth%d: PHY ID 001cc915 at 1 IRQ POLL (stmmac-0:01)
[    2.511914] PPP generic driver version 2.4.2
[    2.512193] PPP BSD Compression module registered
[    2.512254] PPP Deflate Compression module registered
[    2.512334] PPP MPPE Compression module registered
[    2.512395] NET: Registered protocol family 24
[    2.512498] SLIP: version 0.8.4-NET3.019-NEWTTY (dynamic channels, max=256) (6 bit encapsulation enabled).
[    2.512585] CSLIP: code copyright 1989 Regents of the University of California.
[    2.512664] Rockchip WiFi SYS interface (V1.00) ... 
[    2.512844] usbcore: registered new interface driver catc
[    2.512943] usbcore: registered new interface driver kaweth
[    2.513005] pegasus: v0.9.3 (2013/04/25), Pegasus/Pegasus II USB Ethernet driver
[    2.513112] usbcore: registered new interface driver pegasus
[    2.513211] usbcore: registered new interface driver rtl8150
[    2.513309] usbcore: registered new interface driver r8152
[    2.513369] hso: drivers/net/usb/hso.c: Option Wireless
[    2.513489] usbcore: registered new interface driver hso
[    2.513593] usbcore: registered new interface driver asix
[    2.513690] usbcore: registered new interface driver ax88179_178a
[    2.513792] usbcore: registered new interface driver cdc_ether
[    2.513891] usbcore: registered new interface driver cdc_eem
[    2.513993] usbcore: registered new interface driver dm9601
[    2.514103] usbcore: registered new interface driver smsc75xx
[    2.514214] usbcore: registered new interface driver smsc95xx
[    2.514314] usbcore: registered new interface driver gl620a
[    2.514416] usbcore: registered new interface driver net1080
[    2.514515] usbcore: registered new interface driver plusb
[    2.514613] usbcore: registered new interface driver rndis_host
[    2.514742] usbcore: registered new interface driver cdc_subset
[    2.514845] usbcore: registered new interface driver zaurus
[    2.514948] usbcore: registered new interface driver MOSCHIP usb-ethernet driver
[    2.515090] usbcore: registered new interface driver int51x1
[    2.515189] usbcore: registered new interface driver kalmia
[    2.515288] usbcore: registered new interface driver ipheth
[    2.515389] usbcore: registered new interface driver sierra_net
[    2.515491] usbcore: registered new interface driver cx82310_eth
[    2.515609] usbcore: registered new interface driver cdc_ncm
[    2.515710] usbcore: registered new interface driver qmi_wwan
[    2.515811] usbcore: registered new interface driver cdc_mbim
[    2.521691] rockchip-dwc3 usb@fe800000: fail to get drvdata hcd
[    2.527588] rockchip-dwc3 usb@fe900000: fail to get drvdata hcd
[    2.529248] ehci_hcd: USB 2.0 'Enhanced' Host Controller (EHCI) Driver
[    2.529321] ehci-pci: EHCI PCI platform driver
[    2.529448] ehci-platform: EHCI generic platform driver
[    2.533244] ehci-platform fe380000.usb: EHCI Host Controller
[    2.533540] ehci-platform fe380000.usb: new USB bus registered, assigned bus number 1
[    2.533866] ehci-platform fe380000.usb: irq 28, io mem 0xfe380000
[    2.541544] ehci-platform fe380000.usb: USB 2.0 started, EHCI 1.00
[    2.541780] usb usb1: New USB device found, idVendor=1d6b, idProduct=0002
[    2.541850] usb usb1: New USB device strings: Mfr=3, Product=2, SerialNumber=1
[    2.541922] usb usb1: Product: EHCI Host Controller
[    2.541974] usb usb1: Manufacturer: Linux 4.4.126 ehci_hcd
[    2.542030] usb usb1: SerialNumber: fe380000.usb
[    2.542676] hub 1-0:1.0: USB hub found
[    2.542747] hub 1-0:1.0: 1 port detected
[    2.546850] ehci-platform fe3c0000.usb: EHCI Host Controller
[    2.547152] ehci-platform fe3c0000.usb: new USB bus registered, assigned bus number 2
[    2.547429] ehci-platform fe3c0000.usb: irq 30, io mem 0xfe3c0000
[    2.554670] ehci-platform fe3c0000.usb: USB 2.0 started, EHCI 1.00
[    2.554880] usb usb2: New USB device found, idVendor=1d6b, idProduct=0002
[    2.554950] usb usb2: New USB device strings: Mfr=3, Product=2, SerialNumber=1
[    2.555021] usb usb2: Product: EHCI Host Controller
[    2.555073] usb usb2: Manufacturer: Linux 4.4.126 ehci_hcd
[    2.555130] usb usb2: SerialNumber: fe3c0000.usb
[    2.555735] hub 2-0:1.0: USB hub found
[    2.555814] hub 2-0:1.0: 1 port detected
[    2.556611] ohci_hcd: USB 1.1 'Open' Host Controller (OHCI) Driver
[    2.556699] ohci-platform: OHCI generic platform driver
[    2.557130] ohci-platform fe3a0000.usb: Generic Platform OHCI controller
[    2.557433] ohci-platform fe3a0000.usb: new USB bus registered, assigned bus number 3
[    2.557678] ohci-platform fe3a0000.usb: irq 29, io mem 0xfe3a0000
[    2.612186] usb usb3: New USB device found, idVendor=1d6b, idProduct=0001
[    2.612257] usb usb3: New USB device strings: Mfr=3, Product=2, SerialNumber=1
[    2.612328] usb usb3: Product: Generic Platform OHCI controller
[    2.612388] usb usb3: Manufacturer: Linux 4.4.126 ohci_hcd
[    2.612445] usb usb3: SerialNumber: fe3a0000.usb
[    2.613064] hub 3-0:1.0: USB hub found
[    2.613136] hub 3-0:1.0: 1 port detected
[    2.613825] ohci-platform fe3e0000.usb: Generic Platform OHCI controller
[    2.614124] ohci-platform fe3e0000.usb: new USB bus registered, assigned bus number 4
[    2.614343] ohci-platform fe3e0000.usb: irq 31, io mem 0xfe3e0000
[    2.668824] usb usb4: New USB device found, idVendor=1d6b, idProduct=0001
[    2.668895] usb usb4: New USB device strings: Mfr=3, Product=2, SerialNumber=1
[    2.668966] usb usb4: Product: Generic Platform OHCI controller
[    2.669026] usb usb4: Manufacturer: Linux 4.4.126 ohci_hcd
[    2.669083] usb usb4: SerialNumber: fe3e0000.usb
[    2.669714] hub 4-0:1.0: USB hub found
[    2.669785] hub 4-0:1.0: 1 port detected
[    2.671143] usbcore: registered new interface driver cdc_acm
[    2.671200] cdc_acm: USB Abstract Control Model driver for USB modems and ISDN adapters
[    2.671372] usbcore: registered new interface driver usblp
[    2.671479] usbcore: registered new interface driver cdc_wdm
[    2.671596] usbcore: registered new interface driver uas
[    2.671769] usbcore: registered new interface driver usb-storage
[    2.671873] usbcore: registered new interface driver ums-alauda
[    2.671975] usbcore: registered new interface driver ums-cypress
[    2.672079] usbcore: registered new interface driver ums-datafab
[    2.672181] usbcore: registered new interface driver ums_eneub6250
[    2.672285] usbcore: registered new interface driver ums-freecom
[    2.672389] usbcore: registered new interface driver ums-isd200
[    2.672495] usbcore: registered new interface driver ums-jumpshot
[    2.672598] usbcore: registered new interface driver ums-karma
[    2.672700] usbcore: registered new interface driver ums-onetouch
[    2.672805] usbcore: registered new interface driver ums-sddr09
[    2.672907] usbcore: registered new interface driver ums-sddr55
[    2.673009] usbcore: registered new interface driver ums-usbat
[    2.673167] usbcore: registered new interface driver usbserial
[    2.673268] usbcore: registered new interface driver usbserial_generic
[    2.673358] usbserial: USB Serial support registered for generic
[    2.673465] usbcore: registered new interface driver ch341
[    2.673546] usbserial: USB Serial support registered for ch341-uart
[    2.673659] usbcore: registered new interface driver cp210x
[    2.673740] usbserial: USB Serial support registered for cp210x
[    2.673871] usbcore: registered new interface driver option
[    2.673957] usbserial: USB Serial support registered for GSM modem (1-port)
[    2.674277] usbcore: registered new interface driver pl2303
[    2.674357] usbserial: USB Serial support registered for pl2303
[    2.674476] usbcore: registered new interface driver usb_serial_simple
[    2.674566] usbserial: USB Serial support registered for carelink
[    2.674669] usbserial: USB Serial support registered for zio
[    2.674752] usbserial: USB Serial support registered for funsoft
[    2.674841] usbserial: USB Serial support registered for flashloader
[    2.674929] usbserial: USB Serial support registered for google
[    2.675012] usbserial: USB Serial support registered for vivopay
[    2.675096] usbserial: USB Serial support registered for moto_modem
[    2.675183] usbserial: USB Serial support registered for motorola_tetra
[    2.675272] usbserial: USB Serial support registered for novatel_gps
[    2.675359] usbserial: USB Serial support registered for hp4x
[    2.675445] usbserial: USB Serial support registered for suunto
[    2.675529] usbserial: USB Serial support registered for siemens_mpi
[    2.675648] usbcore: registered new interface driver trancevibrator
[    2.675717] usb20_otg: version 3.10a 21-DEC-2012
[    2.676026] usb20_host: version 3.10a 21-DEC-2012
[    2.676652] usbcore: registered new interface driver usb_acecad
[    2.676766] usbcore: registered new interface driver aiptek
[    2.676874] usbcore: registered new interface driver gtco
[    2.676979] usbcore: registered new interface driver hanwang
[    2.677084] usbcore: registered new interface driver kbtab
[    2.677149] <<-GTP-INFO->> GTP driver installing...
[    2.677672] sensor_register_slave:mma8452,id=17
[    2.677728] sensor_register_slave:lis3dh,id=7
[    2.677781] sensor_register_slave:mma7660,id=18
[    2.677836] sensor_register_slave:lsm303d,id=22
[    2.677890] sensor_register_slave:mpu6880_acc,id=24
[    2.677947] sensor_register_slave:mpu6500_acc,id=25
[    2.678079] sensor_register_slave:lsm330_acc,id=26
[    2.678137] sensor_register_slave:akm8975,id=30
[    2.678191] sensor_register_slave:akm8963,id=31
[    2.678245] sensor_register_slave:l3g4200d,id=45
[    2.678300] sensor_register_slave:l3g20d,id=46
[    2.678353] sensor_register_slave:ewtsa,id=47
[    2.678406] sensor_register_slave:lsm330_gyro,id=51
[    2.678463] sensor_register_slave:light_lxdgb5,id=61
[    2.678521] sensor_register_slave:ps_stk3410,id=68
[    2.678577] psensor_vl53l1_init: psensor_vl53l1_init 
[    2.678628] sensor_register_slave:ps_vl53l1,id=69
[    2.679931] i2c /dev entries driver
[    2.681201] fan53555-regulator 0-0040: GPIO lookup for consumer vsel
[    2.681215] fan53555-regulator 0-0040: using device tree for GPIO lookup
[    2.681254] of_get_named_gpiod_flags: parsed 'vsel-gpios' property of node '/i2c@ff3c0000/syr827@40[0]' - status (0)
[    2.681711] fan53555-regulator 0-0040: FAN53555 Option[8] Rev[1] Detected!
[    2.681868] fan53555-reg: supplied by vcc5v0_sys
[    2.684193] fan53555-regulator 0-0041: GPIO lookup for consumer vsel
[    2.684206] fan53555-regulator 0-0041: using device tree for GPIO lookup
[    2.684240] of_get_named_gpiod_flags: parsed 'vsel-gpios' property of node '/i2c@ff3c0000/syr828@41[0]' - status (0)
[    2.684652] fan53555-regulator 0-0041: FAN53555 Option[8] Rev[1] Detected!
[    2.684769] fan53555-reg: supplied by vcc5v0_sys
[    2.687489] rk808 0-001b: Pmic Chip id: 0x0
[    2.691016] rk808 0-001b: GPIO lookup for consumer dvs
[    2.691028] rk808 0-001b: using device tree for GPIO lookup
[    2.691043] of_get_named_gpiod_flags: can't parse 'dvs-gpios' property of node '/i2c@ff3c0000/pmic@1b[0]'
[    2.691055] of_get_named_gpiod_flags: can't parse 'dvs-gpio' property of node '/i2c@ff3c0000/pmic@1b[0]'
[    2.691066] rk808 0-001b: using lookup tables for GPIO lookup
[    2.691078] rk808 0-001b: lookup for GPIO dvs failed
[    2.691090] rk808-regulator rk808-regulator: there is no dvs0 gpio
[    2.691152] rk808 0-001b: GPIO lookup for consumer dvs
[    2.691162] rk808 0-001b: using device tree for GPIO lookup
[    2.691174] of_get_named_gpiod_flags: can't parse 'dvs-gpios' property of node '/i2c@ff3c0000/pmic@1b[1]'
[    2.691185] of_get_named_gpiod_flags: can't parse 'dvs-gpio' property of node '/i2c@ff3c0000/pmic@1b[1]'
[    2.691196] rk808 0-001b: using lookup tables for GPIO lookup
[    2.691206] rk808 0-001b: lookup for GPIO dvs failed
[    2.691217] rk808-regulator rk808-regulator: there is no dvs1 gpio
[    2.691408] DCDC_REG1: supplied by vcc3v3_sys
[    2.692282] DCDC_REG2: supplied by vcc3v3_sys
[    2.692957] DCDC_REG3: supplied by vcc3v3_sys
[    2.693329] DCDC_REG4: supplied by vcc3v3_sys
[    2.693893] LDO_REG1: supplied by vcc3v3_sys
[    2.695151] LDO_REG2: supplied by vcc3v3_sys
[    2.695740] LDO_REG3: supplied by vcc3v3_sys
[    2.696815] LDO_REG4: supplied by vcc3v3_sys
[    2.697921] LDO_REG5: supplied by vcc3v3_sys
[    2.699069] LDO_REG6: supplied by vcc3v3_sys
[    2.700150] LDO_REG7: supplied by vcc3v3_sys
[    2.701271] LDO_REG8: supplied by vcc3v3_sys
[    2.702410] SWITCH_REG1: supplied by vcc3v3_sys
[    2.702783] SWITCH_REG2: supplied by vcc3v3_sys
[    2.705882] rk808-rtc rk808-rtc: RTC read alarm date/time 1999-12-16(4) 00:00:00
[    2.706728] rk808-rtc rk808-rtc: rtc core: registered rk808-rtc as rtc1
[    2.707432] [Sky][hym8563_probe] function Enter...
[    2.709136] rtc_hym8563 0-0051: [hym8563_read_datetime] 2020-06-03(3) 01:12:36
[    2.709249] of_get_named_gpiod_flags: parsed 'irq_gpio' property of node '/i2c@ff3c0000/hym8563@51[0]' - status (0)
[    2.709818] rtc_hym8563 0-0051: [hym8563_read_datetime] 2020-06-03(3) 01:12:36
[    2.709892] rtc_hym8563 0-0051: [hym8563_rtc_read_alarm] enter...
[    2.710590] rtc_hym8563 0-0051: [hym8563_read_datetime] 2020-06-03(3) 01:12:36
[    2.710668] rtc rtc0: invalid alarm value: 1900-1-4 2022213768:1073741856:0
[    2.710950] rtc_hym8563 0-0051: rtc core: registered hym8563 as rtc0
[    2.711012] [Sky][hym8563_probe] function Exit.
[    2.711078] rk3x-i2c ff3c0000.i2c: Initialized RK3xxx I2C bus at ffffff800989c000
[    2.712259] <<-GTP-INFO->> GTP Driver Version: V2.4<2014/11/28>
[    2.712320] <<-GTP-INFO->> GTP I2C Address: 0x14
[    2.712366] <<-GTP-ERROR->> come to CONFIG_OF.
[    2.712437] of_get_named_gpiod_flags: parsed 'touch-gpio' property of node '/i2c@ff110000/touchscreen@14[0]' - status (0)
[    2.712467] of_get_named_gpiod_flags: parsed 'reset-gpio' property of node '/i2c@ff110000/touchscreen@14[0]' - status (0)
[    2.809552] <<-GTP-INFO->> IC Version: 911_1060
[    2.811781] <<-GTP-INFO->> Sensor_ID: 0
[    2.811825] <<-GTP-INFO->> CTP_CONFIG_GROUP0 used, config length: 186
[    2.812979] <<-GTP-INFO->> Driver send config.
[    2.835007] <<-GTP-INFO->> X_MAX: 800, Y_MAX: 1280, TRIGGER: 0x01
[    2.848001] <<-GTP-INFO->> create proc entry gt9xx_config success
[    2.848262] input: goodix-ts as /devices/virtual/input/input0
[    2.848583] <<-GTP-INFO->> GTP works in interrupt mode.
[    2.848642] <<-GTP-INFO->> Applied memory size:2562.
[    2.848693] <<-GTP-INFO->> Applied memory size:2562.
[    2.848743] <<-GTP-INFO->> I2C function: without pre and end cmd!
[    2.848807] <<-GTP-INFO->> Create proc entry success!
[    2.849165] rk3x-i2c ff110000.i2c: Initialized RK3xxx I2C bus at ffffff800989e000
[    2.849971] rk3x-i2c ff120000.i2c: Initialized RK3xxx I2C bus at ffffff80098b2000
[    2.850910] rk3x-i2c ff3d0000.i2c: Initialized RK3xxx I2C bus at ffffff80098b4000
[    2.852093] IR NEC protocol handler initialized
[    2.852147] IR RC5(x/sz) protocol handler initialized
[    2.852203] IR RC6 protocol handler initialized
[    2.852254] IR JVC protocol handler initialized
[    2.852305] IR Sony protocol handler initialized
[    2.852357] IR SANYO protocol handler initialized
[    2.852410] IR Sharp protocol handler initialized
[    2.852463] IR MCE Keyboard/mouse protocol handler initialized
[    2.852525] IR XMP protocol handler initialized
[    2.852880] usbcore: registered new interface driver uvcvideo
[    2.852936] USB Video Class driver (1.1.1)
[    2.858550] __power_supply_register: Expected proper parent device for 'test_ac'
[    2.858777] __power_supply_register: Expected proper parent device for 'test_battery'
[    2.859176] thermal thermal_zone2: power_allocator: sustainable_power will be estimated
[    2.859377] __power_supply_register: Expected proper parent device for 'test_usb'
[    2.862558] rk_tsadcv2_temp_to_code: Invalid conversion table: code=1023, temperature=2147483647
[    2.863632] dw_wdt ff848000.watchdog: Should better to setup a 'resets' property in dt, that must been named with reset
[    2.864199] device-mapper: uevent: version 1.0.3
[    2.864614] device-mapper: ioctl: 4.34.0-ioctl (2015-10-28) initialised: dm-devel@redhat.com
[    2.864940] Bluetooth: HCI UART driver ver 2.3
[    2.864991] Bluetooth: HCI UART protocol H4 registered
[    2.865042] Bluetooth: HCI UART protocol LL registered
[    2.865099] rtk_btusb: RTKBT_RELEASE_NAME: 20170109_TV_ANDROID_6.x
[    2.865158] rtk_btusb: Realtek Bluetooth USB driver module init, version 4.1.2
[    2.865225] rtk_btusb: Register usb char device interface for BT driver
[    2.865512] usbcore: registered new interface driver rtk_btusb
[    2.866015] cpu cpu0: bin=1
[    2.866095] cpu cpu0: leakage=15
[    2.878019] cpu cpu0: temp=36875, pvtm=142280 (142855 + -575)
[    2.878566] cpu cpu0: pvtm-volt-sel=0
[    2.878693] cpu cpu0: bin-scale=34
[    2.879160] cpu cpu4: bin=1
[    2.879248] cpu cpu4: leakage=25
[    2.891343] cpu cpu4: temp=37500, pvtm=151608 (151892 + -284)
[    2.891524] cpu cpu4: pvtm-volt-sel=1
[    2.891618] cpu cpu4: bin-scale=17
[    2.893246] cpu cpu0: avs=0, target-scale=34
[    2.893378] cpu cpu0: l=10000 h=2147483647 hyst=5000 l_limit=0 h_limit=0
[    2.895287] cpu cpu4: avs=0, target-scale=17
[    2.895418] cpu cpu4: l=10000 h=2147483647 hyst=5000 l_limit=0 h_limit=0
[    2.897813] sdhci: Secure Digital Host Controller Interface driver
[    2.897871] sdhci: Copyright(c) Pierre Ossman
[    2.897920] Synopsys Designware Multimedia Card Interface Driver
[    2.899220] dwmmc_rockchip fe310000.dwmmc: IDMAC supports 32-bit address mode.
[    2.899428] dwmmc_rockchip fe310000.dwmmc: Using internal DMA controller.
[    2.899500] dwmmc_rockchip fe310000.dwmmc: Version ID is 270a
[    2.899604] dwmmc_rockchip fe310000.dwmmc: DW MMC controller at irq 25,32 bit host data width,256 deep fifo
[    2.899706] dwmmc_rockchip fe310000.dwmmc: 'clock-freq-min-max' property was deprecated.
[    2.899821] dwmmc_rockchip fe310000.dwmmc: No vmmc regulator found
[    2.899880] dwmmc_rockchip fe310000.dwmmc: No vqmmc regulator found
[    2.899951] dwmmc_rockchip fe310000.dwmmc: GPIO lookup for consumer wp
[    2.899962] dwmmc_rockchip fe310000.dwmmc: using device tree for GPIO lookup
[    2.899975] of_get_named_gpiod_flags: can't parse 'wp-gpios' property of node '/dwmmc@fe310000[0]'
[    2.899987] of_get_named_gpiod_flags: can't parse 'wp-gpio' property of node '/dwmmc@fe310000[0]'
[    2.899998] dwmmc_rockchip fe310000.dwmmc: using lookup tables for GPIO lookup
[    2.900010] dwmmc_rockchip fe310000.dwmmc: lookup for GPIO wp failed
[    2.900957] dwmmc_rockchip fe320000.dwmmc: IDMAC supports 32-bit address mode.
[    2.901077] dwmmc_rockchip fe320000.dwmmc: Using internal DMA controller.
[    2.901147] dwmmc_rockchip fe320000.dwmmc: Version ID is 270a
[    2.901249] dwmmc_rockchip fe320000.dwmmc: DW MMC controller at irq 26,32 bit host data width,256 deep fifo
[    2.901440] dwmmc_rockchip fe320000.dwmmc: 'clock-freq-min-max' property was deprecated.
[    2.901616] dwmmc_rockchip fe320000.dwmmc: No vmmc regulator found
[    2.901686] dwmmc_rockchip fe320000.dwmmc: GPIO lookup for consumer cd
[    2.901697] dwmmc_rockchip fe320000.dwmmc: using device tree for GPIO lookup
[    2.901709] of_get_named_gpiod_flags: can't parse 'cd-gpios' property of node '/dwmmc@fe320000[0]'
[    2.901722] of_get_named_gpiod_flags: can't parse 'cd-gpio' property of node '/dwmmc@fe320000[0]'
[    2.901733] dwmmc_rockchip fe320000.dwmmc: using lookup tables for GPIO lookup
[    2.901744] dwmmc_rockchip fe320000.dwmmc: lookup for GPIO cd failed
[    2.901758] dwmmc_rockchip fe320000.dwmmc: GPIO lookup for consumer wp
[    2.901768] dwmmc_rockchip fe320000.dwmmc: using device tree for GPIO lookup
[    2.901779] of_get_named_gpiod_flags: can't parse 'wp-gpios' property of node '/dwmmc@fe320000[0]'
[    2.901791] of_get_named_gpiod_flags: can't parse 'wp-gpio' property of node '/dwmmc@fe320000[0]'
[    2.901801] dwmmc_rockchip fe320000.dwmmc: using lookup tables for GPIO lookup
[    2.901812] dwmmc_rockchip fe320000.dwmmc: lookup for GPIO wp failed
[    2.902011] rockchip-iodomain ff770000.syscon:io-domains: Setting to 3300000 done
[    2.902224] rockchip-iodomain ff770000.syscon:io-domains: Setting to 3300000 done
[    2.914850] mmc_host mmc0: Bus speed (slot 0) = 400000Hz (slot req 400000Hz, actual 400000HZ div = 0)
[    2.929098] dwmmc_rockchip fe320000.dwmmc: 1 slots initialized
[    2.929589] sdhci-pltfm: SDHCI platform and OF driver helper
[    2.930321] sdhci-arasan fe330000.sdhci: GPIO lookup for consumer wp
[    2.930334] sdhci-arasan fe330000.sdhci: using device tree for GPIO lookup
[    2.930348] of_get_named_gpiod_flags: can't parse 'wp-gpios' property of node '/sdhci@fe330000[0]'
[    2.930360] of_get_named_gpiod_flags: can't parse 'wp-gpio' property of node '/sdhci@fe330000[0]'
[    2.930372] sdhci-arasan fe330000.sdhci: using lookup tables for GPIO lookup
[    2.930383] sdhci-arasan fe330000.sdhci: lookup for GPIO wp failed
[    2.931617] sdhci-arasan fe330000.sdhci: No vmmc regulator found
[    2.931676] sdhci-arasan fe330000.sdhci: No vqmmc regulator found
[    2.958131] mmc1: SDHCI controller on fe330000.sdhci [fe330000.sdhci] using ADMA
[    2.961695] hidraw: raw HID events driver (C) Jiri Kosina
[    2.964324] usbcore: registered new interface driver usbhid
[    2.964385] usbhid: USB HID core driver
[    2.964563] inv_mpu_iio: inv_mpu_init:746
[    2.965223] ashmem: initialized
[    2.968686] ff100000.saradc supply vref not found, using dummy regulator
[    2.969936] rknandbase v1.1 2016-11-08
[    2.970481] usbcore: registered new interface driver snd-usb-audio
[    2.971896] of_get_named_gpiod_flags: can't parse 'realtek,ldo1-en-gpios' property of node '/i2c@ff110000/rt5640@1c[0]'
[    2.987704] rt5651 1-001a: Device with ID register 0xffffffc0 is not rt5651
[    2.992750] rockchip-pinctrl pinctrl: pin gpio4-21 already requested by 1-001c; cannot claim for ff870000.spdif
[    2.992855] rockchip-pinctrl pinctrl: pin-149 (ff870000.spdif) status -22
[    2.992922] rockchip-pinctrl pinctrl: could not request pin 149 (gpio4-21) from group spdif-bus  on device rockchip-pinctrl
[    2.993020] rockchip-spdif ff870000.spdif: Error applying setting, reverse things back
[    2.994824] u32 classifier
[    2.994863]     Actions configured
[    2.994935] Netfilter messages via NETLINK v0.30.
[    2.995052] nf_conntrack version 0.5.0 (16384 buckets, 65536 max)
[    2.995600] ctnetlink v0.93: registering with nfnetlink.
[    2.996606] xt_time: kernel timezone is -0000
[    2.998130] ip_tables: (C) 2000-2006 Netfilter Core Team
[    2.998482] arp_tables: (C) 2002 David S. Miller
[    2.998968] mmc1: MAN_BKOPS_EN bit is not set
[    2.999149] Initializing XFRM netlink socket
[    2.999770] NET: Registered protocol family 10
[    3.001105] mip6: Mobile IPv6
[    3.001170] ip6_tables: (C) 2000-2006 Netfilter Core Team
[    3.002884] sit: IPv6 over IPv4 tunneling driver
[    3.003544] NET: Registered protocol family 17
[    3.003615] NET: Registered protocol family 15
[    3.003702] bridge: automatic filtering via arp/ip/ip6tables has been deprecated. Update your scripts to load br_netfilter if you need this.
[    3.004625] Bridge firewalling registered
[    3.004752] Ebtables v2.0 registered
[    3.005170] Bluetooth: RFCOMM TTY layer initialized
[    3.005228] Bluetooth: RFCOMM socket layer initialized
[    3.005343] Bluetooth: RFCOMM ver 1.11
[    3.005397] Bluetooth: BNEP (Ethernet Emulation) ver 1.3
[    3.005447] Bluetooth: BNEP filters: protocol multicast
[    3.005502] Bluetooth: BNEP socket layer initialized
[    3.005554] Bluetooth: HIDP (Human Interface Emulation) ver 1.2
[    3.005613] Bluetooth: HIDP socket layer initialized
[    3.005710] l2tp_core: L2TP core driver, V2.0
[    3.005767] l2tp_ppp: PPPoL2TP kernel driver, V2.0
[    3.005824] [WLAN_RFKILL]: Enter rfkill_wlan_init
[    3.006375] [WLAN_RFKILL]: Enter rfkill_wlan_probe
[    3.006505] [WLAN_RFKILL]: wlan_platdata_parse_dt: wifi_chip_type = ap6354
[    3.006568] [WLAN_RFKILL]: wlan_platdata_parse_dt: enable wifi power control.
[    3.006632] [WLAN_RFKILL]: wlan_platdata_parse_dt: wifi power controled by gpio.
[    3.006701] of_get_named_gpiod_flags: can't parse 'WIFI,poweren_gpio' property of node '/wireless-wlan[0]'
[    3.006712] of_get_named_gpiod_flags: can't parse 'WIFI,vbat_gpio' property of node '/wireless-wlan[0]'
[    3.006723] of_get_named_gpiod_flags: can't parse 'WIFI,reset_gpio' property of node '/wireless-wlan[0]'
[    3.006784] of_get_named_gpiod_flags: parsed 'WIFI,host_wake_irq' property of node '/wireless-wlan[0]' - status (0)
[    3.006794] [WLAN_RFKILL]: wlan_platdata_parse_dt: get property: WIFI,host_wake_irq = 3, flags = 0.
[    3.006873] [WLAN_RFKILL]: rfkill_wlan_probe: init gpio
[    3.006926] [WLAN_RFKILL]: Exit rfkill_wlan_probe
[    3.007071] [BT_RFKILL]: Enter rfkill_rk_init
[    3.007674] of_get_named_gpiod_flags: parsed 'uart_rts_gpios' property of node '/wireless-bluetooth[0]' - status (0)
[    3.007685] [BT_RFKILL]: bluetooth_platdata_parse_dt: get property: uart_rts_gpios = 83.
[    3.007761] of_get_named_gpiod_flags: can't parse 'BT,power_gpio' property of node '/wireless-bluetooth[0]'
[    3.007791] of_get_named_gpiod_flags: parsed 'BT,reset_gpio' property of node '/wireless-bluetooth[0]' - status (0)
[    3.007801] [BT_RFKILL]: bluetooth_platdata_parse_dt: get property: BT,reset_gpio = 9.
[    3.007890] of_get_named_gpiod_flags: parsed 'BT,wake_gpio' property of node '/wireless-bluetooth[0]' - status (0)
[    3.007899] [BT_RFKILL]: bluetooth_platdata_parse_dt: get property: BT,wake_gpio = 7.
[    3.008075] of_get_named_gpiod_flags: parsed 'BT,wake_host_irq' property of node '/wireless-bluetooth[0]' - status (0)
[    3.008085] [BT_RFKILL]: bluetooth_platdata_parse_dt: get property: BT,wake_host_irq = 8.
[    3.008672] [BT_RFKILL]: Request irq for bt wakeup host
[    3.008752] [BT_RFKILL]: BT_WAKE_HOST IRQ fired
[    3.008780] [BT_RFKILL]: ** disable irq
[    3.008996] [BT_RFKILL]: bt_default device registered.
[    3.009437] sensor_register_slave:mpu6880_gyro,id=50
[    3.011214] mmc1: new HS400 Enhanced strobe MMC card at address 0001
[    3.011471] Registered cp15_barrier emulation handler
[    3.011612] Registered setend emulation handler
[    3.012098] mmcblk1: mmc1:0001 AJTD4R 14.6 GiB 
[    3.012549] mmcblk1boot0: mmc1:0001 AJTD4R partition 1 4.00 MiB
[    3.012664] bootconsole [uart0] disabled
[    3.012761] registered taskstats version 1
[    3.013022] mmcblk1boot1: mmc1:0001 AJTD4R partition 2 4.00 MiB
[    3.013411] mmcblk1rpmb: mmc1:0001 AJTD4R partition 3 4.00 MiB
[    3.013465] rockchip ion idev is NULL
[    3.013481] rga2 ff680000.rga: rga ion client create success!
[    3.013682] rga: Driver loaded successfully ver:3.02
[    3.013886]  
[    3.013894] atsha204a_i2c_write write buff pengjia
[    3.013901] 0x3  
[    3.013907] 0x7  0x2  
[    3.013919] 0x80  0x0  
[    3.013932] 0x0  0x9  
[    3.013943] 0xad  <3>[    3.013950]  
[    3.013975]      uboot: 0x000400000 -- 0x000800000 (4 MB)
[    3.014003]      trust: 0x000800000 -- 0x000c00000 (4 MB)
[    3.014014]   uboot_ro: 0x000c00000 -- 0x001000000 (4 MB)
[    3.014024]   trust_ro: 0x001000000 -- 0x001400000 (4 MB)
[    3.014034]       misc: 0x001400000 -- 0x001800000 (4 MB)
[    3.014044]   resource: 0x001800000 -- 0x002800000 (16 MB)
[    3.014054]     kernel: 0x002800000 -- 0x004000000 (24 MB)
[    3.014064]       boot: 0x004000000 -- 0x006000000 (32 MB)
[    3.014074]   recovery: 0x006000000 -- 0x008000000 (32 MB)
[    3.014084]     backup: 0x008000000 -- 0x009000000 (16 MB)
[    3.014099]      cache: 0x009000000 -- 0x011000000 (128 MB)
[    3.014125]     system: 0x011000000 -- 0x071000000 (1536 MB)
[    3.014133] write ret = -6 
[    3.014137]   metadata: 0x071000000 -- 0x072000000 (16 MB)
[    3.014144] verity_mode: 0x072000000 -- 0x072008000 (0 MB)
[    3.014150] baseparameter: 0x072008000 -- 0x072408000 (4 MB)
[    3.014157]        frp: 0x072408000 -- 0x072488000 (0 MB)
[    3.014163]   userdata: 0x072488000 -- 0x3a3a00000 (13077 MB)
[    3.014246]  mmcblk1: p1 p2 p3 p4 p5 p6 p7 p8 p9 p10 p11 p12 p13 p14 p15 p16 p17
[    3.025195]  
[    3.025236] atsha204a_i2c_read read buff data : 
[    3.025262] 0x4  
[    3.025284] 0x11  0x33  
[    3.025325] 0x43  0xff  
[    3.025363] 0xff  0xff  
[    3.025399] 0xff  0xff  
[    3.025435] 0xff  0xff  
[    3.025470] 0xff  0xff  
[    3.025505] 0xff  0xff  
[    3.025540] 0xff  0xff  
[    3.025576] 0xff  0xff  
[    3.025610] 0xff  0xff  
[    3.025646] 0xff  0xff  
[    3.025680] 0xff  0xff  
[    3.025715] 0xff  0xff  
[    3.025750] 0xff  0xff  
[    3.025786] 0xff  0xff  
[    3.025821] 0xff  0xff  
[    3.025856] 0xff  0xff  
[    3.025890]  
[    3.025937]  atsha204a_probe fail -- no atsha204a found ! 
[    3.025994] atsha204a: probe of 4-0064 failed with error -1
[    3.027555] [drm] Rockchip DRM driver version: v1.0.0
[    3.028138] rockchip-drm display-subsystem: dmc is disabled
[    3.028627] rockchip-vop ff900000.vop: missing rockchip,grf property
[    3.028964] rockchip-vop ff900000.vop: unable to request PWM
[    3.028997] rockchip-drm display-subsystem: bound ff900000.vop (ops vop_component_ops)
[    3.029055] rockchip-vop ff8f0000.vop: missing rockchip,grf property
[    3.029256] rockchip-vop ff8f0000.vop: unable to request PWM
[    3.029275] rockchip-drm display-subsystem: bound ff8f0000.vop (ops vop_component_ops)
[    3.029374] rockchip-drm display-subsystem: bound ff960000.dsi (ops dw_mipi_dsi_ops)
[    3.030313] i2c i2c-9: of_i2c: modalias failure on /hdmi@ff940000/ports
[    3.030432] dwhdmi-rockchip ff940000.hdmi: registered DesignWare HDMI I2C bus driver
[    3.030847] dwhdmi-rockchip ff940000.hdmi: Detected HDMI TX controller v2.11a with HDCP (DWC HDMI 2.0 TX PHY)
[    3.035969] rockchip-drm display-subsystem: bound ff940000.hdmi (ops dw_hdmi_rockchip_ops)
[    3.036014] [drm] Supports vblank timestamp caching Rev 2 (21.10.2013).
[    3.036042] [drm] No driver support for vblank timestamp query.
[    3.037114] rockchip-drm display-subsystem: connector[HDMI-A-1] can't found any modes
[    3.082498] rockchip-drm display-subsystem: fb0:  frame buffer device
[    3.099208] mali ff9a0000.gpu: leakage=20
[    3.123661] mali ff9a0000.gpu: temp=36250, pvtm=118035 (118265 + -230)
[    3.125821] mali ff9a0000.gpu: pvtm-volt-sel=0
[    3.128081] mali ff9a0000.gpu: GPU identified as 0x0860 r2p0 status 0
[    3.128402] mali ff9a0000.gpu: Protected mode not available
[    3.128993] mali ff9a0000.gpu: l=10000 h=2147483647 hyst=5000 l_limit=0 h_limit=0
[    3.129069] mali ff9a0000.gpu: Using configured power model mali-simple-power-model, and fallback mali-simple-power-model
[    3.129224] I : [File] : drivers/gpu/arm/midgard/backend/gpu/mali_kbase_devfreq.c; [Line] : 404; [Func] : kbase_devfreq_init(); success initing power_model_simple.
[    3.131954] mali ff9a0000.gpu: Probed as mali0
[    3.138822] xhci-hcd xhci-hcd.10.auto: xHCI Host Controller
[    3.139435] xhci-hcd xhci-hcd.10.auto: new USB bus registered, assigned bus number 5
[    3.140118] xhci-hcd xhci-hcd.10.auto: hcc params 0x0220fe64 hci version 0x110 quirks 0x06030010
[    3.140297] xhci-hcd xhci-hcd.10.auto: irq 236, io mem 0xfe800000
[    3.140749] usb usb5: New USB device found, idVendor=1d6b, idProduct=0002
[    3.140791] usb usb5: New USB device strings: Mfr=3, Product=2, SerialNumber=1
[    3.140826] usb usb5: Product: xHCI Host Controller
[    3.140857] usb usb5: Manufacturer: Linux 4.4.126 xhci-hcd
[    3.140888] usb usb5: SerialNumber: xhci-hcd.10.auto
[    3.142578] hub 5-0:1.0: USB hub found
[    3.142694] hub 5-0:1.0: 1 port detected
[    3.143634] xhci-hcd xhci-hcd.10.auto: xHCI Host Controller
[    3.144115] xhci-hcd xhci-hcd.10.auto: new USB bus registered, assigned bus number 6
[    3.144336] usb usb6: We don't know the algorithms for LPM for this host, disabling LPM.
[    3.144836] usb usb6: New USB device found, idVendor=1d6b, idProduct=0003
[    3.144878] usb usb6: New USB device strings: Mfr=3, Product=2, SerialNumber=1
[    3.144910] usb usb6: Product: xHCI Host Controller
[    3.144942] usb usb6: Manufacturer: Linux 4.4.126 xhci-hcd
[    3.144973] usb usb6: SerialNumber: xhci-hcd.10.auto
[    3.146515] hub 6-0:1.0: USB hub found
[    3.146626] hub 6-0:1.0: 1 port detected
[    3.151583] xhci-hcd xhci-hcd.10.auto: remove, state 1
[    3.151662] usb usb6: USB disconnect, device number 1
[    3.185913] xhci-hcd xhci-hcd.10.auto: Host not halted after 16000 microseconds.
[    3.185951] xhci-hcd xhci-hcd.10.auto: Host controller not halted, aborting reset.
[    3.189634] xhci-hcd xhci-hcd.10.auto: USB bus 6 deregistered
[    3.189813] xhci-hcd xhci-hcd.10.auto: remove, state 1
[    3.189836] usb usb5: USB disconnect, device number 1
[    3.190296] xhci-hcd xhci-hcd.10.auto: USB bus 5 deregistered
[    3.193887] xhci-hcd xhci-hcd.11.auto: xHCI Host Controller
[    3.195264] xhci-hcd xhci-hcd.11.auto: new USB bus registered, assigned bus number 5
[    3.196420] xhci-hcd xhci-hcd.11.auto: hcc params 0x0220fe64 hci version 0x110 quirks 0x06030010
[    3.196603] xhci-hcd xhci-hcd.11.auto: irq 237, io mem 0xfe900000
[    3.197201] usb usb5: New USB device found, idVendor=1d6b, idProduct=0002
[    3.197251] usb usb5: New USB device strings: Mfr=3, Product=2, SerialNumber=1
[    3.197294] usb usb5: Product: xHCI Host Controller
[    3.197335] usb usb5: Manufacturer: Linux 4.4.126 xhci-hcd
[    3.197375] usb usb5: SerialNumber: xhci-hcd.11.auto
[    3.200322] hub 5-0:1.0: USB hub found
[    3.200478] hub 5-0:1.0: 1 port detected
[    3.201739] xhci-hcd xhci-hcd.11.auto: xHCI Host Controller
[    3.203105] xhci-hcd xhci-hcd.11.auto: new USB bus registered, assigned bus number 6
[    3.203506] usb usb6: We don't know the algorithms for LPM for this host, disabling LPM.
[    3.203998] usb usb6: New USB device found, idVendor=1d6b, idProduct=0003
[    3.204050] usb usb6: New USB device strings: Mfr=3, Product=2, SerialNumber=1
[    3.204092] usb usb6: Product: xHCI Host Controller
[    3.204133] usb usb6: Manufacturer: Linux 4.4.126 xhci-hcd
[    3.204173] usb usb6: SerialNumber: xhci-hcd.11.auto
[    3.206356] hub 6-0:1.0: USB hub found
[    3.206492] hub 6-0:1.0: 1 port detected
[    3.211948] dwmmc_rockchip fe310000.dwmmc: IDMAC supports 32-bit address mode.
[    3.212269] dwmmc_rockchip fe310000.dwmmc: Using internal DMA controller.
[    3.212330] dwmmc_rockchip fe310000.dwmmc: Version ID is 270a
[    3.212431] dwmmc_rockchip fe310000.dwmmc: DW MMC controller at irq 25,32 bit host data width,256 deep fifo
[    3.212513] dwmmc_rockchip fe310000.dwmmc: 'clock-freq-min-max' property was deprecated.
[    3.212655] dwmmc_rockchip fe310000.dwmmc: No vmmc regulator found
[    3.212694] dwmmc_rockchip fe310000.dwmmc: No vqmmc regulator found
[    3.212762] dwmmc_rockchip fe310000.dwmmc: GPIO lookup for consumer wp
[    3.212800] dwmmc_rockchip fe310000.dwmmc: using device tree for GPIO lookup
[    3.212844] of_get_named_gpiod_flags: can't parse 'wp-gpios' property of node '/dwmmc@fe310000[0]'
[    3.212887] of_get_named_gpiod_flags: can't parse 'wp-gpio' property of node '/dwmmc@fe310000[0]'
[    3.212927] dwmmc_rockchip fe310000.dwmmc: using lookup tables for GPIO lookup
[    3.212968] dwmmc_rockchip fe310000.dwmmc: lookup for GPIO wp failed
[    3.213563] platform sdio-pwrseq: GPIO lookup for consumer reset
[    3.213602] platform sdio-pwrseq: using device tree for GPIO lookup
[    3.213712] of_get_named_gpiod_flags: parsed 'reset-gpios' property of node '/sdio-pwrseq[0]' - status (0)
[    3.213812] dwmmc_rockchip fe310000.dwmmc: allocated mmc-pwrseq
[    3.225223] mmc_host mmc2: Bus speed (slot 0) = 400000Hz (slot req 400000Hz, actual 400000HZ div = 0)
[    3.238847] dwmmc_rockchip fe310000.dwmmc: 1 slots initialized
[    3.244033] of_get_named_gpiod_flags: can't parse 'simple-audio-card,hp-det-gpio' property of node '/rt5640-sound[0]'
[    3.244081] of_get_named_gpiod_flags: can't parse 'simple-audio-card,mic-det-gpio' property of node '/rt5640-sound[0]'
[    3.256127] mmc2: queuing unknown CIS tuple 0x80 (2 bytes)
[    3.257891] mmc2: queuing unknown CIS tuple 0x80 (3 bytes)
[    3.259590] rt5640_set_dai_fmt, dai_sel=1, reg_val=0x8000 
[    3.259666] mmc2: queuing unknown CIS tuple 0x80 (3 bytes)
[    3.262842] mmc2: queuing unknown CIS tuple 0x80 (7 bytes)
[    3.263851] asoc-simple-card rt5640-sound: rt5640-aif1 <-> ff890000.i2s mapping ok
[    3.263922] mmc2: queuing unknown CIS tuple 0x81 (1 bytes)
[    3.278693] mmc_host mmc2: Bus speed (slot 0) = 50000000Hz (slot req 50000000Hz, actual 50000000HZ div = 0)
[    3.281215] mmc2: new high speed SDIO card at address 0001
[    3.285725] of_get_named_gpiod_flags: can't parse 'simple-audio-card,hp-det-gpio' property of node '/hdmi-sound[0]'
[    3.285742] of_get_named_gpiod_flags: can't parse 'simple-audio-card,mic-det-gpio' property of node '/hdmi-sound[0]'
[    3.286460] asoc-simple-card hdmi-sound: i2s-hifi <-> ff8a0000.i2s mapping ok
[    3.289695] otg_wakelock_init: No USB transceiver found
[    3.290349] i2c i2c-2: sensor_probe: ps_vl53l1,ffffffc07b265c00
[    3.290402] of_get_named_gpiod_flags: can't parse 'irq-gpio' property of node '/i2c@ff120000/proximity@29[0]'
[    3.290439] of_get_named_gpiod_flags: can't parse 'reset-gpio' property of node '/i2c@ff120000/proximity@29[0]'
[    3.290471] of_get_named_gpiod_flags: can't parse 'power-gpio' property of node '/i2c@ff120000/proximity@29[0]'
[    3.290534] sensors 2-0029: sensor_chip_init:ps_vl53l1:devid=0x0,ops=0xffffff8009267c48
[    3.290561] sensor_init: sensor_init 
[    3.290733] of_get_named_gpiod_flags: parsed 'xshut-gpio' property of node '/i2c@ff120000/proximity@29[0]' - status (0)
[    3.290796] sensor_init: set xshut-gpio succ 
[    3.290927] of_get_named_gpiod_flags: parsed 'intr-gpio' property of node '/i2c@ff120000/proximity@29[0]' - status (0)
[    3.290973] sensor_init: set intr-gpio succ 
[    3.291806] input: proximity as /devices/platform/ff120000.i2c/i2c-2/2-0029/input/input1
[    3.292728] sensors 2-0029: sensor_irq_init:use polling,delay=30 ms
[    3.292946] sensors 2-0029: sensor_misc_device_register:miscdevice: psensor
[    3.292959] sensors 2-0029: sensor_probe:initialized ok,sensor name:ps_vl53l1,type:6,id=69
[    3.292959] 
[    3.293130] i2c i2c-4: sensor_probe: light_lxdgb5,ffffffc07b266800
[    3.293146] of_get_named_gpiod_flags: can't parse 'irq-gpio' property of node '/i2c@ff3d0000/lxdgb5@48[0]'
[    3.293155] of_get_named_gpiod_flags: can't parse 'reset-gpio' property of node '/i2c@ff3d0000/lxdgb5@48[0]'
[    3.293164] of_get_named_gpiod_flags: can't parse 'power-gpio' property of node '/i2c@ff3d0000/lxdgb5@48[0]'
[    3.293183] sensors 4-0048: sensor_chip_init:light_lxdgb5:devid=0x0,ops=0xffffff8009267b50
[    3.293386] input: lightsensor-level as /devices/platform/ff3d0000.i2c/i2c-4/4-0048/input/input2
[    3.293525] sensors 4-0048: sensor_irq_init:use polling,delay=30 ms
[    3.293641] sensors 4-0048: sensor_misc_device_register:miscdevice: lightsensor
[    3.293653] sensors 4-0048: sensor_probe:initialized ok,sensor name:light_lxdgb5,type:5,id=61
[    3.293653] 
[    3.294039] rtc_hym8563 0-0051: [hym8563_read_datetime] 2020-06-03(3) 01:12:37
[    3.294054] rtc_hym8563 0-0051: get time from rtc 2020-06-03 01:12:37 UTC (0)
[    3.294341] rtc_hym8563 0-0051: [hym8563_set_time] 2020-06-03(3) 01:12:37
[    3.294731] [Sky][rk808_rtc_set_time_with_hym8563] set RTC date/time 2020-06-03(3) 01:12:37
[    3.295379] rtc_hym8563 0-0051: setting system clock to 2020-05-30 01:12:37 UTC (1591146757)
[    3.295428] ucsetting_module_init
[    3.295685] rtc_hym8563 0-0051: [hym8563_read_datetime] 2020-06-03(3) 01:12:37
[    3.297265] It doesn't contain Rogue gpu
[    3.322437] I : [File] : drivers/gpu/arm/mali400/mali/linux/mali_kernel_linux.c; [Line] : 417; [Func] : mali_module_init(); svn_rev_string_from_arm of this mali_ko is '-37efe58', rk_ko_ver is '5', built at '19:38:19', on 'May 27 2020'.
[    3.322770] Mali: Mali device driver loaded
[    3.323134] of_get_named_gpiod_flags: parsed 'gpios' property of node '/rockchip-key/power-key[0]' - status (0)
[    3.323156] of_get_named_gpiod_flags: parsed 'gpios' property of node '/rockchip-key/power-key[0]' - status (0)
[    3.323187] of_get_named_gpiod_flags: parsed 'gpios' property of node '/rockchip-key/remove-alarm-key[0]' - status (0)
[    3.323207] of_get_named_gpiod_flags: parsed 'gpios' property of node '/rockchip-key/remove-alarm-key[0]' - status (0)
[    3.323365] input: rk29-keypad as /devices/platform/rockchip-key/input/input3
[    3.324835] ALSA device list:
[    3.324848]   #0: rockchip,rt5640-codec
[    3.324854]   #1: rockchip,hdmi
[    3.324961] Warning: unable to open an initial console.
[    3.325321] Freeing unused kernel memory: 832K
[    3.328158] init: init first stage started!
[    3.332566] SELinux: 4096 avtab hash slots, 8270 rules.
[    3.337440] SELinux: 4096 avtab hash slots, 8270 rules.
[    3.337461] SELinux:  1 users, 2 roles, 774 types, 0 bools, 1 sens, 1024 cats
[    3.337472] SELinux:  63 classes, 8270 rules
[    3.339161] SELinux:  Completing initialization.
[    3.339176] SELinux:  Setting up existing superblocks.
[    3.395652] audit: type=1403 audit(1591146757.600:2): policy loaded auid=4294967295 ses=4294967295
[    3.396288] init: (Initializing SELinux non-enforcing took 0.07s.)
[    3.399627] init: init second stage started!
[    3.403791] init: Setting ro.rk.soc=rk3399
[    3.403883] init: OK,EMMC DRIVERS INIT OK
[    3.403905] init: property_set("ro.boot.mode", "emmc") failed
[    3.403963] init: property_set("ro.hardware", "rk30board") failed
[    3.406115] init: Running restorecon...
[    3.507171] init: waitpid failed: No child processes
[    3.507554] init: (Loading properties from /default.prop took 0.00s.)
[    3.509724] init: (Parsing /init.environ.rc took 0.00s.)
[    3.510131] init: (Parsing /init.usb.rc took 0.00s.)
[    3.511046] init: (Parsing init.rk30board.bootmode.emmc.rc took 0.00s.)
[    3.511999] init: (Parsing init.rk30board.usb.rc took 0.00s.)
[    3.512066] init: (Parsing init.rk30board.environment.rc took 0.00s.)
[    3.512158] init: could not import file '/init.stt_trace.rc' from '/init.debug.rc': No such file or directory
[    3.512354] init: (Parsing /init.logs.rc took 0.00s.)
[    3.512448] init: (Parsing /init.crashlogd.rc took 0.00s.)
[    3.512545] init: (Parsing /init.coredump.rc took 0.00s.)
[    3.512608] init: (Parsing /init.log-watch.rc took 0.00s.)
[    3.512675] init: (Parsing /init.kernel.rc took 0.00s.)
[    3.512787] init: (Parsing /init.debug-charging.rc took 0.00s.)
[    3.512806] init: (Parsing /init.debug.rc took 0.00s.)
[    3.512823] init: (Parsing init.rockchip.rc took 0.00s.)
[    3.513224] init: (Parsing init.connectivity.rc took 0.00s.)
[    3.513267] init: could not import file 'init.box.samba.rc' from '/init.rk30board.rc': No such file or directory
[    3.513542] init: ignored duplicate definition of service 'watchdogd'init: (Parsing init.rk3399.rc took 0.00s.)
[    3.513675] init: init.tablet.rc: 23: invalid keyword 'ioprio'
[    3.513712] init: (Parsing init.tablet.rc took 0.00s.)
[    3.513749] init: could not import file 'init.car.rc' from '/init.rk30board.rc': No such file or directory
[    3.513778] init: could not import file 'init.optee.rc' from '/init.rk30board.rc': No such file or directory
[    3.513793] init: (Parsing /init.rk30board.rc took 0.00s.)
[    3.514357] init: (Parsing /init.usb.configfs.rc took 0.00s.)
[    3.514447] init: (Parsing /init.zygote64_32.rc took 0.00s.)
[    3.514462] init: (Parsing /init.rc took 0.01s.)
[    3.514841] usb 5-1: new high-speed USB device number 2 using xhci-hcd
[    3.514984] init: Starting service 'ueventd'...
[    3.520285] audit: type=1400 audit(1591146757.723:3): avc:  denied  { getattr } for  pid=1 comm="init" path="/sys/kernel/debug/tracing/trace_marker" dev="tracefs" ino=1099 scontext=u:r:init:s0 tcontext=u:object_r:debugfs_trace_marker:s0 tclass=file permissive=1
[    3.533158] ueventd: ueventd started!
[    3.533871] ueventd: invalid gid 'trace'
[    3.579579] vendor storage:20160801 ret = 0
[    3.638839] usb 5-1: New USB device found, idVendor=0930, idProduct=6544
[    3.638905] usb 5-1: New USB device strings: Mfr=1, Product=2, SerialNumber=3
[    3.638948] usb 5-1: Product: DataTraveler 2.0
[    3.638988] usb 5-1: Manufacturer: Kingston
[    3.639028] usb 5-1: SerialNumber: 50E549C6958FC3404937522B
[    3.641472] usb 5-1: ep 0x81 - rounding interval to 128 microframes, ep desc says 255 microframes
[    3.641787] usb 5-1: ep 0x2 - rounding interval to 128 microframes, ep desc says 255 microframes
[    3.643272] usb-storage 5-1:1.0: USB Mass Storage device detected
[    3.645971] scsi host0: usb-storage 5-1:1.0
[    3.767074] ueventd: Coldboot took 0.23s.
[    3.783723] init: write_file: Unable to open '/proc/self/coredump_filter': No such file or directory
[    3.783762] init: write_file: Unable to open '/proc/sys/kernel/panic_on_stackoverflow': No such file or directory
[    3.783791] init: Waiting for /dev/.coldboot_done...
[    3.783845] init: Waiting for /dev/.coldboot_done took 0.00s.
[    3.783874] init: /dev/hw_random not found
[    3.784385] keychord: using input dev rk29-keypad for fevent
[    3.793675] init: write_file: Unable to open '/proc/cpu/alignment': No such file or directory
[    3.802847] Registered swp emulation handler
[    3.803006] init: write_file: Unable to open '/sys/module/rockchip_pm/parameters/policy': No such file or directory
[    3.805041] fs_mgr: Warning: unknown flag resize
[    4.249482] init: /dev/hw_random not found
[    4.249969] init: write_file: Unable to open '/sys/block/mmcblk0/bdi/read_ahead_kb': No such file or directory
[    4.252329] fs_mgr: Warning: unknown flag resize
[    4.674860] scsi 0:0:0:0: Direct-Access     Kingston DataTraveler 2.0 1.00 PQ: 0 ANSI: 4
[    4.677235] sd 0:0:0:0: Attached scsi generic sg0 type 0
[    4.677806] sd 0:0:0:0: [sda] 60549120 512-byte logical blocks: (31.0 GB/28.9 GiB)
[    4.678269] sd 0:0:0:0: [sda] Write Protect is off
[    4.678284] sd 0:0:0:0: [sda] Mode Sense: 45 00 00 00
[    4.678803] sd 0:0:0:0: [sda] Write cache: disabled, read cache: enabled, doesn't support DPO or FUA
[    4.682125]  sda: sda1
[    4.683681] sd 0:0:0:0: [sda] Attached SCSI removable disk
[    5.047846] fs_mgr: Enabling dm-verity for system (mode 2)
[    5.048086] fs_mgr: loading verity table: '1 /dev/block/platform/fe330000.sdhci/by-name/system /dev/block/platform/fe330000.sdhci/by-name/system 4096 4096 387072 387072 sha256 c1ff3ca08f00c1ba8b3c0083c2861bc78ee12c2e3319ef55b3d9df45712162f6 aee087a5be3b982978c923f566a94613496b417f2af592639bc80d141e34dfe7 10 restart_on_corruption use_fec_from_device /dev/block/platform/fe330000.sdhci/by-name/system fec_start 390129 fec_blocks 390129 fec_roots 2 ignore_zero_blocks'
[    5.063205] EXT4-fs (dm-0): mounted filesystem with ordered data mode. Opts: noauto_da_alloc
[    5.063307] fs_mgr: __mount(source=/dev/block/dm-0,target=/system,type=ext4)=0
[    5.064746] fs_mgr: check_fs(): mount(/dev/block/platform/fe330000.sdhci/by-name/cache,/cache,ext4)=-1: No such file or directory
[    5.071648] fs_mgr: Running /system/bin/e2fsck on /dev/block/platform/fe330000.sdhci/by-name/cache
[    5.096824] random: e2fsck: uninitialized urandom read (40 bytes read, 75 bits of entropy available)
[    5.257301] e2fsck: e2fsck 1.42.9 (28-Dec-2013)
[    5.257301] 
[    5.257462] e2fsck: /dev/block/platform/fe330000.sdhci/by-name/cache: recovering journal
[    5.257462] 
[    5.257532] e2fsck: /dev/block/platform/fe330000.sdhci/by-name/cache: clean, 24/8192 files, 1598/32768 blocks (check in 2 mounts)
[    5.257532] 
[    5.275135] EXT4-fs (mmcblk1p11): mounted filesystem with ordered data mode. Opts: noauto_da_alloc,discard
[    5.275421] fs_mgr: __mount(source=/dev/block/platform/fe330000.sdhci/by-name/cache,target=/cache,type=ext4)=0
[    5.286980] EXT4-fs (mmcblk1p13): Ignoring removed nomblk_io_submit option
[    5.298672] EXT4-fs (mmcblk1p13): recovery complete
[    5.300021] EXT4-fs (mmcblk1p13): mounted filesystem with ordered data mode. Opts: errors=remount-ro,nomblk_io_submit
[    5.300338] fs_mgr: check_fs(): mount(/dev/block/platform/fe330000.sdhci/by-name/metadata,/metadata,ext4)=0: Success
[    5.316378] fs_mgr: check_fs(): unmount(/metadata) succeeded
[    5.316516] fs_mgr: Running /system/bin/e2fsck on /dev/block/platform/fe330000.sdhci/by-name/metadata
[    5.322592] random: e2fsck: uninitialized urandom read (40 bytes read, 82 bits of entropy available)
[    5.361691] e2fsck: e2fsck 1.42.9 (28-Dec-2013)
[    5.361691] 
[    5.361750] e2fsck: /dev/block/platform/fe330000.sdhci/by-name/metadata: clean, 12/1024 files, 1105/4096 blocks
[    5.361750] 
[    5.366962] EXT4-fs (mmcblk1p13): mounted filesystem with ordered data mode. Opts: noauto_da_alloc,discard
[    5.367249] fs_mgr: __mount(source=/dev/block/platform/fe330000.sdhci/by-name/metadata,target=/metadata,type=ext4)=0
[    5.378792] EXT4-fs (mmcblk1p17): VFS: Can't find ext4 filesystem
[    5.378971] fs_mgr: check_fs(): mount(/dev/block/platform/fe330000.sdhci/by-name/userdata,/data,ext4)=-1: Invalid argument
[    5.379024] fs_mgr: Running /system/bin/e2fsck on /dev/block/platform/fe330000.sdhci/by-name/userdata
[    5.381214] random: e2fsck: uninitialized urandom read (40 bytes read, 82 bits of entropy available)
[    5.405013] e2fsck: e2fsck 1.42.9 (28-Dec-2013)
[    5.405013] 
[    5.405068] e2fsck: ext2fs_open2: Bad magic number in super-block
[    5.405068] 
[    5.405087] e2fsck: /system/bin/e2fsck: Superblock invalid, trying backup blocks...
[    5.405087] 
[    5.405105] e2fsck: /system/bin/e2fsck: Bad magic number in super-block while trying to open /dev/block/platform/fe330000.sdhci/by-name/userdata
[    5.405105] 
[    5.405121] e2fsck: 
[    5.405121] 
[    5.405136] e2fsck: 
[    5.405136] 
[    5.405153] e2fsck: The superblock could not be read or does not describe a correct ext2
[    5.405153] 
[    5.405169] e2fsck: filesystem.  If the device is valid and it really contains an ext2
[    5.405169] 
[    5.405186] e2fsck: filesystem (and not swap or ufs or something else), then the superblock
[    5.405186] 
[    5.405203] e2fsck: is corrupt, and you might try running e2fsck with an alternate superblock:
[    5.405203] 
[    5.405219] e2fsck:     e2fsck -b 8193 <device>
[    5.405219] 
[    5.405234] e2fsck: 
[    5.405234] 
[    5.405257] e2fsck: e2fsck terminated by exit(8)
[    5.405257] 
[    5.406606] EXT4-fs (mmcblk1p17): VFS: Can't find ext4 filesystem
[    5.406687] fs_mgr: __mount(source=/dev/block/platform/fe330000.sdhci/by-name/userdata,target=/data,type=ext4)=-1
[    5.407142] fs_mgr: fs_mgr_mount_all(): possibly an encryptable blkdev /dev/block/platform/fe330000.sdhci/by-name/userdata for mount /data type ext4 )
[    5.414184] init: (Parsing /system/etc/init/atrace.rc took 0.00s.)
[    5.415052] init: (Parsing /system/etc/init/audioserver.rc took 0.00s.)
[    5.415635] init: (Parsing /system/etc/init/bootanim.rc took 0.00s.)
[    5.416148] init: (Parsing /system/etc/init/bootstat.rc took 0.00s.)
[    5.416629] init: (Parsing /system/etc/init/cameraserver.rc took 0.00s.)
[    5.417078] init: (Parsing /system/etc/init/debuggerd.rc took 0.00s.)
[    5.417519] init: (Parsing /system/etc/init/debuggerd64.rc took 0.00s.)
[    5.418126] init: (Parsing /system/etc/init/delete_data_service.rc took 0.00s.)
[    5.418994] init: (Parsing /system/etc/init/drmserver.rc took 0.00s.)
[    5.419601] init: (Parsing /system/etc/init/dumpstate.rc took 0.00s.)
[    5.420046] init: (Parsing /system/etc/init/gatekeeperd.rc took 0.00s.)
[    5.420537] init: (Parsing /system/etc/init/init-debug.rc took 0.00s.)
[    5.420987] init: (Parsing /system/etc/init/installd.rc took 0.00s.)
[    5.421441] init: (Parsing /system/etc/init/keystore.rc took 0.00s.)
[    5.421963] init: (Parsing /system/etc/init/lmkd.rc took 0.00s.)
[    5.422872] init: (Parsing /system/etc/init/logcatd.rc took 0.00s.)
[    5.423476] init: (Parsing /system/etc/init/logd.rc took 0.00s.)
[    5.424030] init: (Parsing /system/etc/init/mdnsd.rc took 0.00s.)
[    5.424470] init: (Parsing /system/etc/init/mediacodec.rc took 0.00s.)
[    5.425059] init: (Parsing /system/etc/init/mediadrmserver.rc took 0.00s.)
[    5.425610] init: (Parsing /system/etc/init/mediaextractor.rc took 0.00s.)
[    5.426160] init: (Parsing /system/etc/init/mediaserver.rc took 0.00s.)
[    5.426704] init: (Parsing /system/etc/init/mtpd.rc took 0.00s.)
[    5.427128] init: (Parsing /system/etc/init/netd.rc took 0.00s.)
[    5.427550] init: (Parsing /system/etc/init/perfprofd.rc took 0.00s.)
[    5.427897] init: (Parsing /system/etc/init/racoon.rc took 0.00s.)
[    5.428435] init: (Parsing /system/etc/init/servicemanager.rc took 0.00s.)
[    5.429297] init: (Parsing /system/etc/init/settime.rc took 0.00s.)
[    5.429747] init: (Parsing /system/etc/init/shell_tool.rc took 0.00s.)
[    5.430209] init: (Parsing /system/etc/init/surfaceflinger.rc took 0.00s.)
[    5.430698] init: (Parsing /system/etc/init/uncrypt.rc took 0.00s.)
[    5.431176] init: (Parsing /system/etc/init/vdc.rc took 0.00s.)
[    5.431697] init: (Parsing /system/etc/init/vl53l1_calibrate.rc took 0.00s.)
[    5.432139] init: (Parsing /system/etc/init/vl53l1_daemon.rc took 0.00s.)
[    5.432603] init: (Parsing /system/etc/init/vold.rc took 0.00s.)
[    5.433029] init: (Parsing /system/etc/init/vs_service.rc took 0.00s.)
[    5.433494] init: (Parsing /system/etc/init/writesn.rc took 0.00s.)
[    5.436004] init: Starting service 'logd'...
[    5.449346] init: insmod: open("/system/lib/modules/ump.ko") failed: No such file or directoryinit: insmod: open("/system/lib/modules/mali.ko") failed: No such file or directory
[    5.449495] random: logd: uninitialized urandom read (40 bytes read, 86 bits of entropy available)
[    5.483716] logd.auditd: start
[    5.483766] logd.klogd: 5359127839
[    5.646264] midgard_kbase: disagrees about version of symbol module_layout
[    5.649324] init: finit_module for "/system/lib/modules/mali_kbase.ko" failed: Exec format errorinit: insmod: open("/system/lib/modules/rk30_mirroring.ko") failed: No such file or directoryinit: finit_module for "/system/lib/modules/rk29-ipp.ko" failed: Exec format errorinit: insmod: open("/system/lib/modules/pvrsrvkm.ko") failed: No such file or directoryinit: finit_module for "/drmboot.ko" failed: Exec format errorfs_mgr: Warning: unknown flag resize
[    5.653258] zram0: detected capacity change from 0 to 533413888
[    5.664524] random: mkswap: uninitialized urandom read (40 bytes read, 93 bits of entropy available)
[    5.710426] random: mkswap: uninitialized urandom read (16 bytes read, 94 bits of entropy available)
[    5.713071] Adding 520908k swap on /dev/block/zram0.  Priority:-1 extents:1 across:520908k SS
[    5.716699] init: property_set("ro.board.platform", "rk3399") failed
[    5.717440] init: property_set("ro.rk.screenshot_enable", "true") failed
[    5.717591] init: (Loading properties from /system/build.prop took 0.00s.)
[    5.717669] init: (Loading properties from /vendor/build.prop took 0.00s.)
[    5.717711] init: (Loading properties from /factory/factory.prop took 0.00s.)
[    5.717849] fs_mgr: Warning: unknown flag resize
[    5.718017] init: /recovery not specified in fstab
[    5.719053] init: Starting service 'debuggerd'...
[    5.720306] init: Starting service 'debuggerd64'...
[    5.721697] init: Starting service 'vold'...
[    5.723517] init: Not bootcharting.
[    5.726964] random: debuggerd64: uninitialized urandom read (40 bytes read, 94 bits of entropy available)
[    5.735190] random: vold: uninitialized urandom read (40 bytes read, 95 bits of entropy available)
[    5.742501] random: debuggerd: uninitialized urandom read (40 bytes read, 95 bits of entropy available)
[    5.748839] random: vdc: uninitialized urandom read (40 bytes read, 95 bits of entropy available)
[    5.860137] fs_mgr: Warning: unknown flag resize
[    5.918308] init: Starting service 'exec 1 (/system/bin/access_power)'...
[    5.922460] type=1400 audit(1591146760.126:4): avc: denied { getattr } for pid=237 comm="access_power" path="/vendor" dev="rootfs" ino=7809 scontext=u:r:access_power:s0 tcontext=u:object_r:rootfs:s0 tclass=lnk_file permissive=1
[    5.933078] type=1400 audit(1591146760.136:5): avc: denied { read write } for pid=237 comm="access_power" name="ttyS4" dev="tmpfs" ino=8054 scontext=u:r:access_power:s0 tcontext=u:object_r:serial_device:s0 tclass=chr_file permissive=1
[    5.933107] ttyS4 - failed to request DMA, use interrupt mode
[    5.933194] type=1400 audit(1591146760.136:6): avc: denied { open } for pid=237 comm="access_power" path="/dev/ttyS4" dev="tmpfs" ino=8054 scontext=u:r:access_power:s0 tcontext=u:object_r:serial_device:s0 tclass=chr_file permissive=1
[    5.933300] type=1400 audit(1591146760.136:7): avc: denied { ioctl } for pid=237 comm="access_power" path="/dev/ttyS4" dev="tmpfs" ino=8054 ioctlcmd=5401 scontext=u:r:access_power:s0 tcontext=u:object_r:serial_device:s0 tclass=chr_file permissive=1
[    5.945560] init: Service 'exec 1 (/system/bin/access_power)' (pid 237) exited with status 0
[    5.945979] init: Starting service 'exec 2 (/system/bin/tzdatacheck)'...
[    5.959210] init: Service 'exec 2 (/system/bin/tzdatacheck)' (pid 238) exited with status 0
[    5.962245] type=1400 audit(1591146760.166:8): avc: denied { create } for pid=1 comm="init" name="cifsmanager" scontext=u:r:init:s0 tcontext=u:object_r:cifsmanager_exec:s0 tclass=dir permissive=1
[    5.962357] type=1400 audit(1591146760.166:9): avc: denied { setattr } for pid=1 comm="init" name="cifsmanager" dev="tmpfs" ino=16405 scontext=u:r:init:s0 tcontext=u:object_r:cifsmanager_exec:s0 tclass=dir permissive=1
[    5.964945] tmpfs: Bad mount option background_gc
[    5.966667] init: write_file: Unable to open '/proc/sys/kernel/core_pattern': No such file or directory
[    5.967081] init: (Loading properties from /data/local.prop took 0.00s.)
[    5.967344] init: Starting service 'logd-reinit'...
[    5.968737] init: write_file: Unable to open '/proc/sys/vm/min_free_order_shift': No such file or directory
[    5.970510] init: Starting service 'healthd'...
[    5.971060] init: cannot find '/system/bin/displayd' (No such file or directory), disabling 'displayd'
[    5.971147] init: Starting service 'watchdogd'...
[    5.972596] init: Starting service 'earlylogs'...
[    5.973901] init: Starting service 'lmkd'...
[    5.975103] watchdogd: started (interval 5, margin 5)!
[    5.975365] init: Starting service 'servicemanager'...
[    5.975462] binder: 240:240 transaction failed 29189/-22, size 0-0 line 2948
[    5.976552] init: Starting service 'surfaceflinger'...
[    5.979444] init: SELinux:  Could not stat /sys/devices/system/cpu/cpufreq/interactive: No such file or directory.
[    5.981222] init: write_file: Unable to open '/proc/sys/vm/lazy_vfree_tlb_flush_all_threshold': No such file or directory
[    5.986444] init: Service 'earlylogs' (pid 242) exited with status 0
[    5.988094] init: property 'ro.serialno' doesn't exist while expanding '${ro.serialno}'
[    5.988120] init: write: cannot expand '${ro.serialno}'
[    5.988844] file system registered
[    5.988899] type=1400 audit(1591146760.190:10): avc: denied { relabelto } for pid=1 comm="init" name="recovery" dev="tmpfs" ino=8116 scontext=u:r:init:s0 tcontext=u:object_r:recovery_block_device:s0 tclass=lnk_file permissive=1
[    5.989096] type=1400 audit(1591146760.190:11): avc: denied { relabelto } for pid=1 comm="init" name="boot" dev="tmpfs" ino=8112 scontext=u:r:init:s0 tcontext=u:object_r:boot_block_device:s0 tclass=lnk_file permissive=1
[    5.991862] using random self ethernet address
[    5.991878] using random host ethernet address
[    5.991979] init: write_file: Unable to open '/config/usb_gadget/g1/functions/rndis.gs4/wceis': Permission denied
[    6.001575] init: service 'console' requires console
[    6.001781] init: Starting service 'adbd'...
[    6.003039] init: Starting service 'exec 3 (/system/bin/vdc)'...
[    6.004346] logd.daemon: reinit
[    6.005334] init: Service 'logd-reinit' (pid 239) exited with status 0
[    6.005343] type=1400 audit(1591146760.203:12): avc: denied { setattr } for pid=1 comm="init" name="mmcblk1p15" dev="tmpfs" ino=8145 scontext=u:r:init:s0 tcontext=u:object_r:block_device:s0 tclass=blk_file permissive=1
[    6.005494] type=1400 audit(1591146760.203:13): avc: denied { setattr } for pid=1 comm="init" name="baseparameter" dev="tmpfs" ino=8146 scontext=u:r:init:s0 tcontext=u:object_r:block_device:s0 tclass=lnk_file permissive=1
[    6.005586] type=1400 audit(1591146760.203:14): avc: denied { setattr } for pid=1 comm="init" name="mmcblk1p13" dev="tmpfs" ino=8137 scontext=u:r:init:s0 tcontext=u:object_r:e2fsck_metadata_block_device:s0 tclass=blk_file permissive=1
[    6.019589] init: Service 'exec 3 (/system/bin/vdc)' (pid 248) exited with status 0
[    6.205472] type=1400 audit(1591146760.410:15): avc: denied { read write } for pid=245 comm="surfaceflinger" name="mmcblk1p15" dev="tmpfs" ino=8145 scontext=u:r:surfaceflinger:s0 tcontext=u:object_r:block_device:s0 tclass=blk_file permissive=1
[    6.205762] type=1400 audit(1591146760.410:16): avc: denied { open } for pid=245 comm="surfaceflinger" path="/dev/block/mmcblk1p15" dev="tmpfs" ino=8145 scontext=u:r:surfaceflinger:s0 tcontext=u:object_r:block_device:s0 tclass=blk_file permissive=1
[    6.258079] iep dpi mode inactivity
[    6.531411] init: Starting service 'bootanim'...
[    6.533255] <<-GTP-INFO->> System resume.
[    6.541879] <<-GTP-INFO->> GTP wakeup sleep.
[    6.585625] <<-GTP-INFO->> Driver send config.
[    6.765481] random: nonblocking pool is initialized
[    6.979161] healthd: BatteryCurrentNowPath not found
[    6.979178] healthd: BatteryCycleCountPath not found
[    6.979648] healthd: battery l=50 v=3 t=2.6 h=2 st=3 fc=100 chg=au
[    6.979998] healthd: battery l=50 v=3 t=2.6 h=2 st=3 fc=100 chg=au
[    6.980320] healthd: battery l=50 v=3 t=2.6 h=2 st=3 fc=100 chg=au
[    6.980709] healthd: battery l=50 v=3 t=2.6 h=2 st=3 fc=100 chg=au
[    7.009735] init: avc:  denied  { set } for property=ctl.bootanim pid=228 uid=0 gid=0 scontext=u:r:vold:s0 tcontext=u:object_r:ctl_bootanim_prop:s0 tclass=property_service permissive=1
[    7.028220] EXT4-fs (dm-1): Ignoring removed nomblk_io_submit option
[    7.526825] init: Unable to write persistent property to temp file /data/property/.temp.UjCXba: No such file or directory
[    7.527389] init: Unable to write persistent property to temp file /data/property/.temp.n62SfV: No such file or directory
[    7.527778] init: Unable to write persistent property to temp file /data/property/.temp.2aYbA3: No such file or directory
[    7.528235] init: Unable to write persistent property to temp file /data/property/.temp.SZAijg: No such file or directory
[    7.531373] init: Unable to write persistent property to temp file /data/property/.temp.nW472f: No such file or directory
[    7.542854] EXT4-fs (dm-1): recovery complete
[    7.543459] EXT4-fs (dm-1): mounted filesystem with ordered data mode. Opts: errors=remount-ro,nomblk_io_submit
[    7.543609] fs_mgr: check_fs(): mount(/dev/block/dm-1,/data,ext4)=0: Success
[    7.548986] Freeing drm_logo memory: 3000K
[    7.578538] fs_mgr: check_fs(): unmount(/data) succeeded
[    7.578863] fs_mgr: Running /system/bin/e2fsck on /dev/block/dm-1
[    7.641044] type=1400 audit(1591146761.843:17): avc: denied { getattr } for pid=320 comm="e2fsck" path="/dev/block/zram0" dev="tmpfs" ino=8032 scontext=u:r:fsck:s0 tcontext=u:object_r:zram_device:s0 tclass=blk_file permissive=1
[    7.666832] e2fsck: e2fsck 1.42.9 (28-Dec-2013)
[    7.666832] 
[    7.666916] e2fsck: /dev/block/dm-1: clean, 31458/837184 files, 448989/3347832 blocks
[    7.666916] 
[    7.671414] EXT4-fs (dm-1): mounted filesystem with ordered data mode. Opts: noauto_da_alloc,discard,errors=panic
[    7.671671] fs_mgr: __mount(source=/dev/block/dm-1,target=/data,type=ext4)=0
[    7.673571] init: (Loading properties from /data/local.prop took 0.00s.)
[    7.865316] init: Starting service 'logd-reinit'...
[    7.877049] init: Starting service 'ap_log_srv'...
[    7.881454] init: Not bootcharting.
[    7.900267] logd.daemon: reinit
[    7.902672] init: Service 'logd-reinit' (pid 324) exited with status 0
[    7.954827] init: Starting service 'apk_logfs'...
[    7.960230] init: Service 'ap_log_srv' (pid 325) exited with status 0
[    7.960963] init: Starting service 'exec 4 (/system/bin/access_power)'...
[    7.964784] type=1400 audit(1591146762.166:18): avc: denied { getattr } for pid=332 comm="access_power" path="/vendor" dev="rootfs" ino=7809 scontext=u:r:access_power:s0 tcontext=u:object_r:rootfs:s0 tclass=lnk_file permissive=1
[    7.978620] type=1400 audit(1591146762.183:19): avc: denied { read write } for pid=332 comm="access_power" name="ttyS4" dev="tmpfs" ino=8054 scontext=u:r:access_power:s0 tcontext=u:object_r:serial_device:s0 tclass=chr_file permissive=1
[    7.978825] type=1400 audit(1591146762.183:20): avc: denied { open } for pid=332 comm="access_power" path="/dev/ttyS4" dev="tmpfs" ino=8054 scontext=u:r:access_power:s0 tcontext=u:object_r:serial_device:s0 tclass=chr_file permissive=1
[    7.978929] type=1400 audit(1591146762.183:21): avc: denied { ioctl } for pid=332 comm="access_power" path="/dev/ttyS4" dev="tmpfs" ino=8054 ioctlcmd=5401 scontext=u:r:access_power:s0 tcontext=u:object_r:serial_device:s0 tclass=chr_file permissive=1
[    7.989186] init: Service 'exec 4 (/system/bin/access_power)' (pid 332) exited with status 0
[    7.989464] init: Starting service 'exec 5 (/system/bin/tzdatacheck)'...
[    8.007078] init: Service 'exec 5 (/system/bin/tzdatacheck)' (pid 334) exited with status 0
[    8.009967] type=1400 audit(1591146762.213:22): avc: denied { setattr } for pid=1 comm="init" name="cifsmanager" dev="dm-1" ino=365761 scontext=u:r:init:s0 tcontext=u:object_r:cifsmanager_exec:s0 tclass=dir permissive=1
[    8.014104] EXT4-fs (dm-1): Unrecognized mount option "background_gc=on" or missing value
[    8.016583] init: write_file: Unable to open '/proc/sys/kernel/core_pattern': No such file or directory
[    8.017061] init: Starting service 'exec 6 (/system/bin/bootstat)'...
[    8.033271] init: Service 'exec 6 (/system/bin/bootstat)' (pid 337) exited with status 0
[    8.033967] init: cannot find '/system/bin/update_verifier' (No such file or directory), disabling 'exec 7 (/system/bin/update_verifier)'
[    8.033999] init: cannot find '/system/bin/install-recovery.sh' (No such file or directory), disabling 'flash_recovery'
[    8.034244] init: Starting service 'drmservice'...
[    8.035033] init: cannot find '/system/bin/bplus_helper' (No such file or directory), disabling 'bplus_helper'
[    8.035339] init: Starting service 'up_eth0'...
[    8.035940] init: cannot find '/system/bin/rk_store_keybox' (No such file or directory), disabling 'rk_store_keybox'
[    8.035997] init: cannot find '/system/bin/akmd' (No such file or directory), disabling 'akmd'
[    8.036349] init: Starting service 'system_monitor'...
[    8.037172] init: Starting service 'zygote'...
[    8.038271] init: Starting service 'zygote_secondary'...
[    8.039387] init: Starting service 'audioserver'...
[    8.040791] init: Starting service 'cameraserver'...
[    8.041515] type=1400 audit(1591146762.243:23): avc: denied { getattr } for pid=341 comm="system_monitor." path="/system/bin/sh" dev="dm-0" ino=439 scontext=u:r:system_monitor:s0 tcontext=u:object_r:shell_exec:s0 tclass=file permissive=1
[    8.042457] init: Starting service 'delete_data_service'...
[    8.042862] init: couldn't write 345 to /dev/cpuset/camera-daemon/tasks: No such file or directory
[    8.043962] init: Starting service 'drm'...
[    8.046505] init: Starting service 'installd'...
[    8.050528] rk_gmac-dwmac fe300000.ethernet: rk_get_eth_addr: mac address: ac:1d:df:69:0c:b0
[    8.050566] eth0: device MAC address ac:1d:df:69:0c:b0
[    8.051515] init: Starting service 'keystore'...
[    8.054397] init: Starting service 'mediacodec'...
[    8.055983] init: Starting service 'mediadrm'...
[    8.057738] init: Starting service 'mediaextractor'...
[    8.060117] init: Starting service 'media'...
[    8.061080] init: Starting service 'netd'...
[    8.062326] init: Starting service 'vl53l1_calibrate'...
[    8.063447] init: Starting service 'vl53l1_daemon'...
[    8.064422] init: Starting service 'vs_service'...
[    8.069324] init: Service 'up_eth0' (pid 340) exited with status 0
[    8.069799] init: Starting service 'crashlogd'...
[    8.077663] init: Starting service 'log-watch'...
[    8.078718] init: Starting service 'gatekeeperd'...
[    8.088914] init: Starting service 'perfprofd'...
[    8.097045] ret = 0
[    8.097165] audit: audit_lost=1 audit_rate_limit=20 audit_backlog_limit=64
[    8.097170] audit: rate limit exceeded
[    8.102980] init: avc:  denied  { set } for property=ro.serialno pid=361 uid=0 gid=0 scontext=u:r:vs_service:s0 tcontext=u:object_r:default_prop:s0 tclass=property_service permissive=1
[    8.110359] set_calibration_data: set calibration data succ 
[    8.110593] ret = 0
[    8.111080] ret = 0
[    8.121068] ret = 0
[    8.127492] type=1400 audit(1591146762.246:24): avc: denied { getattr } for pid=341 comm="system_monitor." path="/vendor" dev="rootfs" ino=7809 scontext=u:r:system_monitor:s0 tcontext=u:object_r:rootfs:s0 tclass=lnk_file permissive=1
[    8.147667] STMVL53L1 IPP wng in stmvl53l1_nl_recv_msg 306 : pid chg 1 => 360
[    8.147667] 
[    8.152808] init: Service 'vl53l1_calibrate' (pid 358) exited with status 0
[    8.153548] ret = 0
[    8.161562] ret = 0
[    8.163234] ret = 0
[    8.166794] init: property_set("ro.serialno", "41M01C20E000085") failed
[    8.167308] ret = 0
[    8.173023] ret = 0
[    8.173102] ret = ffffffffffffffff
[    8.174018] ret = ffffffffffffffff
[    8.174266] ret = ffffffffffffffff
[    8.174317] ret = ffffffffffffffff
[    8.174364] ret = 0
[    8.176083] init: Service 'drmservice' (pid 339) exited with status 0
[    8.179025] init: avc:  denied  { set } for property=sys.sensetime.touch_enable pid=361 uid=0 gid=0 scontext=u:r:vs_service:s0 tcontext=u:object_r:system_prop:s0 tclass=property_service permissive=1
[    8.181786] init: Service 'vs_service' (pid 361) exited with status 0
[    8.183821] type=1400 audit(1591146762.250:25): avc: denied { read } for pid=341 comm="system_monitor." path="/system/bin/sh" dev="dm-0" ino=439 scontext=u:r:system_monitor:s0 tcontext=u:object_r:shell_exec:s0 tclass=file permissive=1
[    8.208286] init: Service 'delete_data_service' (pid 346) exited with status 0
[    8.215812] read descriptors
[    8.215839] read strings
[    8.224876] type=1400 audit(1591146762.253:26): avc: denied { create } for pid=340 comm="busybox" scontext=u:r:busybox:s0 tcontext=u:r:busybox:s0 tclass=udp_socket permissive=1
[    8.225136] type=1400 audit(1591146762.253:27): avc: denied { net_raw } for pid=340 comm="busybox" capability=13 scontext=u:r:busybox:s0 tcontext=u:r:busybox:s0 tclass=capability permissive=1
[    8.225934] type=1400 audit(1591146762.253:28): avc: denied { ioctl } for pid=340 comm="busybox" path="socket:[16312]" dev="sockfs" ino=16312 ioctlcmd=8913 scontext=u:r:busybox:s0 tcontext=u:r:busybox:s0 tclass=udp_socket permissive=1
[    8.226113] type=1400 audit(1591146762.253:29): avc: denied { net_admin } for pid=340 comm="busybox" capability=12 scontext=u:r:busybox:s0 tcontext=u:r:busybox:s0 tclass=capability permissive=1
[    8.226300] type=1400 audit(1591146762.260:30): avc: denied { write } for pid=341 comm="system_monitor." name="export" dev="sysfs" ino=3930 scontext=u:r:system_monitor:s0 tcontext=u:object_r:sysfs:s0 tclass=file permissive=1
[    8.226383] type=1400 audit(1591146762.263:31): avc: denied { open } for pid=341 comm="system_monitor." path="/sys/class/gpio/export" dev="sysfs" ino=3930 scontext=u:r:system_monitor:s0 tcontext=u:object_r:sysfs:s0 tclass=file permissive=1
[    8.226463] type=1400 audit(1591146762.263:32): avc: denied { getattr } for pid=341 comm="system_monitor." path="/system/bin/toybox" dev="dm-0" ino=475 scontext=u:r:system_monitor:s0 tcontext=u:object_r:toolbox_exec:s0 tclass=file permissive=1
[    8.226543] type=1400 audit(1591146762.263:33): avc: denied { execute } for pid=341 comm="system_monitor." name="toybox" dev="dm-0" ino=475 scontext=u:r:system_monitor:s0 tcontext=u:object_r:toolbox_exec:s0 tclass=file permissive=1
[    8.226621] type=1400 audit(1591146762.263:34): avc: denied { getattr } for pid=346 comm="delete_data_ser" path="/vendor" dev="rootfs" ino=7809 scontext=u:r:delete_data_service:s0 tcontext=u:object_r:rootfs:s0 tclass=lnk_file permissive=1
[    8.226813] type=1400 audit(1591146762.276:35): avc: denied { read open } for pid=359 comm="system_monitor." path="/system/bin/toybox" dev="dm-0" ino=475 scontext=u:r:system_monitor:s0 tcontext=u:object_r:toolbox_exec:s0 tclass=file permissive=1
[    8.226989] type=1400 audit(1591146762.276:36): avc: denied { execute_no_trans } for pid=359 comm="system_monitor." path="/system/bin/toybox" dev="dm-0" ino=475 scontext=u:r:system_monitor:s0 tcontext=u:object_r:toolbox_exec:s0 tclass=file permissive=1
[    8.227156] type=1400 audit(1591146762.283:37): avc: denied { getattr } for pid=358 comm="vl53l1_calibrat" path="/vendor" dev="rootfs" ino=7809 scontext=u:r:vl53l1_calibrate:s0 tcontext=u:object_r:rootfs:s0 tclass=lnk_file permissive=1
[    8.227338] type=1400 audit(1591146762.290:38): avc: denied { getattr } for pid=361 comm="vs_service" path="/vendor" dev="rootfs" ino=7809 scontext=u:r:vs_service:s0 tcontext=u:object_r:rootfs:s0 tclass=lnk_file permissive=1
[    8.227521] type=1400 audit(1591146762.290:39): avc: denied { getattr } for pid=360 comm="vl53l1_daemon" path="/vendor" dev="rootfs" ino=7809 scontext=u:r:vl53l1_daemon:s0 tcontext=u:object_r:rootfs:s0 tclass=lnk_file permissive=1
[    8.227951] type=1400 audit(1591146762.300:40): avc: denied { read write } for pid=361 comm="vs_service" name="vendor_storage" dev="tmpfs" ino=7968 scontext=u:r:vs_service:s0 tcontext=u:object_r:storage_device:s0 tclass=chr_file permissive=1
[    8.240411] type=1400 audit(1591146762.300:41): avc: denied { open } for pid=361 comm="vs_service" path="/dev/vendor_storage" dev="tmpfs" ino=7968 scontext=u:r:vs_service:s0 tcontext=u:object_r:storage_device:s0 tclass=chr_file permissive=1
[    8.240613] type=1400 audit(1591146762.300:42): avc: denied { ioctl } for pid=361 comm="vs_service" path="/dev/vendor_storage" dev="tmpfs" ino=7968 ioctlcmd=7601 scontext=u:r:vs_service:s0 tcontext=u:object_r:storage_device:s0 tclass=chr_file permissive=1
[    9.255493] D0:camsys_sysctl_extdev(511): ==luyucheng==000_1,[camsys_sysctl_extdev][LINE 511]Sysctl 11, gpio(52) set 1
[    9.255493] 
[    9.255544] D0:camsys_sysctl_extdev(521): ==luyucheng==000_3,[camsys_sysctl_extdev][LINE 521]Sysctl 11 ok, gpio(52) set 1
[    9.255544] 
[    9.255557] D0:camsys_sysctl_extdev(529): ==luyucheng==000_4,[camsys_sysctl_extdev][LINE 529]Sysctl 11 ok, gpio(52) get 1
[    9.255557] 
[    9.255567] D0:camsys_sysctl_extdev(535): Sysctl 11 success, gpio(52) set 1
[    9.401973] D0:camsys_sysctl_extdev(541): ==luyucheng=000_5,[camsys_sysctl_extdev][LINE 541]Sysctl 11 before, gpio(52) set 1
[    9.401973] 
[    9.412929] rockchip-pinctrl pinctrl: pin gpio2-11 already requested by ff910000.isp; cannot claim for ff920000.isp
[    9.412958] rockchip-pinctrl pinctrl: pin-75 (ff920000.isp) status -22
[    9.412969] rockchip-pinctrl pinctrl: could not request pin 75 (gpio2-11) from group cif-clkout  on device rockchip-pinctrl
[    9.412980] RockChip-CamSys ff920000.isp: Error applying setting, reverse things back
[    9.412988] E:camsys_mrv_iomux_cb(126): pinctrl_select_state failed!
[    9.414572] D0:camsys_sysctl_extdev(511): ==luyucheng==000_1,[camsys_sysctl_extdev][LINE 511]Sysctl 11, gpio(52) set 1
[    9.414572] 
[    9.414609] D0:camsys_sysctl_extdev(521): ==luyucheng==000_3,[camsys_sysctl_extdev][LINE 521]Sysctl 11 ok, gpio(52) set 1
[    9.414609] 
[    9.414619] D0:camsys_sysctl_extdev(529): ==luyucheng==000_4,[camsys_sysctl_extdev][LINE 529]Sysctl 11 ok, gpio(52) get 1
[    9.414619] 
[    9.414626] D0:camsys_sysctl_extdev(535): Sysctl 11 success, gpio(52) set 1
[    9.561090] D0:camsys_sysctl_extdev(541): ==luyucheng=000_5,[camsys_sysctl_extdev][LINE 541]Sysctl 11 before, gpio(52) set 1
[    9.561090] 
[    9.573771] D0:camsys_sysctl_extdev(511): ==luyucheng==000_1,[camsys_sysctl_extdev][LINE 511]Sysctl 11, gpio(52) set 1
[    9.573771] 
